(node:5496) ExperimentalWarning: SQLite is an experimental feature and might change at any time
(Use `node --trace-warnings ...` to show where the warning was created)
{"event":"collaboration.connected","connectionId":"639a7047-631b-42e0-8296-2991bb99492d","correlationId":"700f3079-24e5-45c1-ae1e-916c5a46f2ad"}
{"event":"collaboration.connected","connectionId":"7d1a0917-4516-4f73-a4b0-257674942d75","correlationId":"521df0b7-9774-4075-b259-ce527bb64fb2"}
{"event":"collaboration.connected","connectionId":"4dcae3ec-53ea-4d82-88e4-3b26a51f5c93","correlationId":"a6682caf-9dae-4c90-b7e0-a88a8514a12d"}
{"event":"collaboration.disconnected","connectionId":"4dcae3ec-53ea-4d82-88e4-3b26a51f5c93","code":1005}
{"event":"collaboration.connected","connectionId":"4f1faa25-0fe9-48e1-9b00-732df989cfc2","correlationId":"3396b62c-3e28-456b-bb3f-3b25ab0bc7cc"}
{"event":"collaboration.disconnected","connectionId":"4f1faa25-0fe9-48e1-9b00-732df989cfc2","code":1001}
{"event":"collaboration.connected","connectionId":"dd964b3f-b97c-4c52-b41e-f2c8967b2c2e","correlationId":"9220f1cd-5623-4e0b-921e-b462647c1261"}
{"event":"collaboration.disconnected","connectionId":"dd964b3f-b97c-4c52-b41e-f2c8967b2c2e","code":1006}
{"event":"collaboration.disconnected","connectionId":"7d1a0917-4516-4f73-a4b0-257674942d75","code":1006}
{"event":"collaboration.disconnected","connectionId":"639a7047-631b-42e0-8296-2991bb99492d","code":1006}
{"event":"collaboration.connected","connectionId":"af9c6b3b-7017-40f8-afbd-03ee29a3ecc8","correlationId":"fb777b64-a323-456d-9a4f-726450aeec13"}
{"event":"collaboration.connected","connectionId":"ea1acd26-cbfa-4ed2-89f8-69db867bba25","correlationId":"f9aa2e26-1caf-413e-876d-f3a4f4715e75"}
{"event":"collaboration.connected","connectionId":"6080d18f-08b0-46de-b8ab-cd04e5734d48","correlationId":"5fede509-bf74-4f67-9cf2-e57b772f0d1e"}
{"event":"collaboration.disconnected","connectionId":"6080d18f-08b0-46de-b8ab-cd04e5734d48","code":1006}
{"event":"collaboration.disconnected","connectionId":"ea1acd26-cbfa-4ed2-89f8-69db867bba25","code":1006}
{"event":"collaboration.disconnected","connectionId":"af9c6b3b-7017-40f8-afbd-03ee29a3ecc8","code":1006}
{"event":"collaboration.connected","connectionId":"aa890f2b-0bf3-4dc6-887b-c6c533dc496f","correlationId":"8e39afb5-2630-44a4-9fe9-430a3976de12"}
{"event":"collaboration.connected","connectionId":"eb8be5b3-d473-4bc5-80e3-0318d16584da","correlationId":"df4af651-4e6d-4ba8-a4b9-307f93544330"}
{"event":"collaboration.connected","connectionId":"cabf1a7f-e856-4544-bd4a-9f112710c925","correlationId":"f152fef0-3941-4ebb-bb9c-281c43d58bb3"}
{"scope":"Three independent signed local owner/editor/editor headless profiles, real SQLite and Windows isolated compiler/browser, loopback provider and SDK-backed controlled Storage/PostgREST. No hosted identity/SQL/RLS/live billing/deployment.","participants":3,"checkpoints":[{"phase":"concurrent","revision":2,"version":1,"physicalCalls":3},{"phase":"continuous-and-failed","buildingRevision":3,"revision":5,"version":2,"interpreterCalls":5,"builderCalls":3},{"phase":"corrected-reconnected","revision":6,"artifact":3,"usage":{"recorded":{"requests":9,"personalRequests":0,"builderRequests":0,"inputTokens":900,"outputTokens":450,"estimatedCostUsd":0,"uncertainCostUsd":0,"cachedInputTokens":0,"cacheWriteTokens":0,"reasoningTokens":0},"generation":{"requests":9,"personalRequests":0,"builderRequests":0,"inputTokens":900,"outputTokens":450,"estimatedCostUsd":0,"uncertainCostUsd":0,"cachedInputTokens":0,"cacheWriteTokens":0,"reasoningTokens":0},"setup":{"requests":0,"personalRequests":0,"builderRequests":0,"inputTokens":0,"outputTokens":0,"estimatedCostUsd":0,"uncertainCostUsd":0},"unknownUsageRequests":0,"recordedFrom":"2026-10-05T16:08:21.943Z","coverage":"partial"},"budget":{"id":"890ba984-ab52-4337-b089-897dcbba34fb","calls":6,"maximumCalls":24,"reservedUsd":0,"uncertainCalls":6,"closed":true},"accepted":["req_03a42be85bf7","req_15656091b08d","req_9000bc354acf","req_980895587501","req_d6b0094d5067"],"extraInference":0},{"phase":"sqlite-takeover","fromEpoch":1,"toEpoch":2,"clientsConverged":true,"staleRenewalDenied":true,"extraInference":0}],"candidates":[{"revision":2,"requirements":2},{"revision":3,"requirements":3},{"revision":5,"requirements":5},{"revision":6,"requirements":5}],"interpreterCalls":5,"builderCalls":4,"physicalCalls":9,"reportedTokens":1350,"concurrentCallerOnly":true,"deferredCapturesBehindFixedCandidate":true,"failedChecksRetainArtifact":true,"noAutomaticFunctionalRepair":true,"inferenceFreeCorrectionReplayReconnectReload":true,"foreignCorrectionDenied":true,"viewerSubmitDenied":true,"clientStateAndUsageConverged":true,"activeLocalCompetitorDenied":true,"cacheReplacement":{"oldEpoch":2,"scope":"Stopped coordinator, empty derived cache, new instance; competing stale epochs covered separately by focused tests","checkpoint":true,"archivedZip":true,"renderedPreview":true,"receiptReplay":true,"extraInference":0},"coveredChecksPassUnknownCriteriaUnverified":true,"responsiveWidths":[1440,390],"referenceComparison":"pending"}
{"event":"collaboration.disconnected","connectionId":"aa890f2b-0bf3-4dc6-887b-c6c533dc496f","code":1001}
{"event":"collaboration.disconnected","connectionId":"cabf1a7f-e856-4544-bd4a-9f112710c925","code":1006}
{"event":"collaboration.disconnected","connectionId":"eb8be5b3-d473-4bc5-80e3-0318d16584da","code":1006}
