(node:28068) ExperimentalWarning: SQLite is an experimental feature and might change at any time
(Use `node --trace-warnings ...` to show where the warning was created)
{"event":"collaboration.connected","connectionId":"2c8d6247-3117-45ec-a3e9-3f3a17434750","correlationId":"4fa729d2-055a-48a9-b38c-6f3ee9c2df72"}
{"event":"collaboration.connected","connectionId":"90bc4a67-ee51-498d-9965-10b14a4c1116","correlationId":"9522f9e7-22ea-4741-bac2-e23fd9ed72af"}
{"event":"collaboration.connected","connectionId":"b0ade18f-78c5-4285-a292-901527dee328","correlationId":"79779a19-9323-420f-8792-f5d4c3f1c51a"}
{"event":"collaboration.disconnected","connectionId":"b0ade18f-78c5-4285-a292-901527dee328","code":1005}
{"event":"collaboration.connected","connectionId":"a23d2ae8-8b97-43f2-876a-72bdbbc64c03","correlationId":"25bdb5cb-2bc3-4e5a-9361-01c6f266b994"}
{"event":"collaboration.disconnected","connectionId":"a23d2ae8-8b97-43f2-876a-72bdbbc64c03","code":1001}
{"event":"collaboration.connected","connectionId":"b4fbcc33-f972-43be-8fc3-a951ab366ca3","correlationId":"269e1de2-115b-4008-9099-5d0b185a5276"}
{"event":"collaboration.disconnected","connectionId":"b4fbcc33-f972-43be-8fc3-a951ab366ca3","code":1006}
{"event":"collaboration.disconnected","connectionId":"90bc4a67-ee51-498d-9965-10b14a4c1116","code":1006}
{"event":"collaboration.disconnected","connectionId":"2c8d6247-3117-45ec-a3e9-3f3a17434750","code":1006}
Error: database is not open
    at EventStore.hasWorkspace (C:\Users\QUTA4\OneDrive\Desktop\Devoffice\server\event-store.ts:192:52)
    at RoomManager.exists (C:\Users\QUTA4\OneDrive\Desktop\Devoffice\server\rooms.ts:54:44)
    at RoomManager.get (C:\Users\QUTA4\OneDrive\Desktop\Devoffice\server\rooms.ts:54:361)
    at authorize (C:\Users\QUTA4\OneDrive\Desktop\Devoffice\server\index.ts:14:583)
    at <anonymous> (C:\Users\QUTA4\OneDrive\Desktop\Devoffice\server\index.ts:19:57)
    at Layer.handleRequest (C:\Users\QUTA4\OneDrive\Desktop\Devoffice\node_modules\.pnpm\router@2.2.0_supports-color@10.2.2\node_modules\router\lib\layer.js:152:17)
    at next (C:\Users\QUTA4\OneDrive\Desktop\Devoffice\node_modules\.pnpm\router@2.2.0_supports-color@10.2.2\node_modules\router\lib\route.js:157:13)
    at Route.dispatch (C:\Users\QUTA4\OneDrive\Desktop\Devoffice\node_modules\.pnpm\router@2.2.0_supports-color@10.2.2\node_modules\router\lib\route.js:117:3)
    at handle (C:\Users\QUTA4\OneDrive\Desktop\Devoffice\node_modules\.pnpm\router@2.2.0_supports-color@10.2.2\node_modules\router\index.js:435:11)
    at Layer.handleRequest (C:\Users\QUTA4\OneDrive\Desktop\Devoffice\node_modules\.pnpm\router@2.2.0_supports-color@10.2.2\node_modules\router\lib\layer.js:152:17)
Error: database is not open
    at EventStore.hasWorkspace (C:\Users\QUTA4\OneDrive\Desktop\Devoffice\server\event-store.ts:192:52)
    at RoomManager.exists (C:\Users\QUTA4\OneDrive\Desktop\Devoffice\server\rooms.ts:54:44)
    at RoomManager.get (C:\Users\QUTA4\OneDrive\Desktop\Devoffice\server\rooms.ts:54:361)
    at authorize (C:\Users\QUTA4\OneDrive\Desktop\Devoffice\server\index.ts:14:583)
    at <anonymous> (C:\Users\QUTA4\OneDrive\Desktop\Devoffice\server\index.ts:19:57)
    at Layer.handleRequest (C:\Users\QUTA4\OneDrive\Desktop\Devoffice\node_modules\.pnpm\router@2.2.0_supports-color@10.2.2\node_modules\router\lib\layer.js:152:17)
    at next (C:\Users\QUTA4\OneDrive\Desktop\Devoffice\node_modules\.pnpm\router@2.2.0_supports-color@10.2.2\node_modules\router\lib\route.js:157:13)
    at Route.dispatch (C:\Users\QUTA4\OneDrive\Desktop\Devoffice\node_modules\.pnpm\router@2.2.0_supports-color@10.2.2\node_modules\router\lib\route.js:117:3)
    at handle (C:\Users\QUTA4\OneDrive\Desktop\Devoffice\node_modules\.pnpm\router@2.2.0_supports-color@10.2.2\node_modules\router\index.js:435:11)
    at Layer.handleRequest (C:\Users\QUTA4\OneDrive\Desktop\Devoffice\node_modules\.pnpm\router@2.2.0_supports-color@10.2.2\node_modules\router\lib\layer.js:152:17)
Error: database is not open
    at EventStore.hasWorkspace (C:\Users\QUTA4\OneDrive\Desktop\Devoffice\server\event-store.ts:192:52)
    at RoomManager.exists (C:\Users\QUTA4\OneDrive\Desktop\Devoffice\server\rooms.ts:54:44)
    at RoomManager.get (C:\Users\QUTA4\OneDrive\Desktop\Devoffice\server\rooms.ts:54:361)
    at authorize (C:\Users\QUTA4\OneDrive\Desktop\Devoffice\server\index.ts:14:583)
    at <anonymous> (C:\Users\QUTA4\OneDrive\Desktop\Devoffice\server\index.ts:19:57)
    at Layer.handleRequest (C:\Users\QUTA4\OneDrive\Desktop\Devoffice\node_modules\.pnpm\router@2.2.0_supports-color@10.2.2\node_modules\router\lib\layer.js:152:17)
    at next (C:\Users\QUTA4\OneDrive\Desktop\Devoffice\node_modules\.pnpm\router@2.2.0_supports-color@10.2.2\node_modules\router\lib\route.js:157:13)
    at Route.dispatch (C:\Users\QUTA4\OneDrive\Desktop\Devoffice\node_modules\.pnpm\router@2.2.0_supports-color@10.2.2\node_modules\router\lib\route.js:117:3)
    at handle (C:\Users\QUTA4\OneDrive\Desktop\Devoffice\node_modules\.pnpm\router@2.2.0_supports-color@10.2.2\node_modules\router\index.js:435:11)
    at Layer.handleRequest (C:\Users\QUTA4\OneDrive\Desktop\Devoffice\node_modules\.pnpm\router@2.2.0_supports-color@10.2.2\node_modules\router\lib\layer.js:152:17)
Error: database is not open
    at EventStore.hasWorkspace (C:\Users\QUTA4\OneDrive\Desktop\Devoffice\server\event-store.ts:192:52)
    at RoomManager.exists (C:\Users\QUTA4\OneDrive\Desktop\Devoffice\server\rooms.ts:54:44)
    at RoomManager.get (C:\Users\QUTA4\OneDrive\Desktop\Devoffice\server\rooms.ts:54:361)
    at authorize (C:\Users\QUTA4\OneDrive\Desktop\Devoffice\server\index.ts:14:583)
    at <anonymous> (C:\Users\QUTA4\OneDrive\Desktop\Devoffice\server\index.ts:19:57)
    at Layer.handleRequest (C:\Users\QUTA4\OneDrive\Desktop\Devoffice\node_modules\.pnpm\router@2.2.0_supports-color@10.2.2\node_modules\router\lib\layer.js:152:17)
    at next (C:\Users\QUTA4\OneDrive\Desktop\Devoffice\node_modules\.pnpm\router@2.2.0_supports-color@10.2.2\node_modules\router\lib\route.js:157:13)
    at Route.dispatch (C:\Users\QUTA4\OneDrive\Desktop\Devoffice\node_modules\.pnpm\router@2.2.0_supports-color@10.2.2\node_modules\router\lib\route.js:117:3)
    at handle (C:\Users\QUTA4\OneDrive\Desktop\Devoffice\node_modules\.pnpm\router@2.2.0_supports-color@10.2.2\node_modules\router\index.js:435:11)
    at Layer.handleRequest (C:\Users\QUTA4\OneDrive\Desktop\Devoffice\node_modules\.pnpm\router@2.2.0_supports-color@10.2.2\node_modules\router\lib\layer.js:152:17)
Error: database is not open
    at EventStore.hasWorkspace (C:\Users\QUTA4\OneDrive\Desktop\Devoffice\server\event-store.ts:192:52)
    at RoomManager.exists (C:\Users\QUTA4\OneDrive\Desktop\Devoffice\server\rooms.ts:54:44)
    at RoomManager.get (C:\Users\QUTA4\OneDrive\Desktop\Devoffice\server\rooms.ts:54:361)
    at authorize (C:\Users\QUTA4\OneDrive\Desktop\Devoffice\server\index.ts:14:583)
    at <anonymous> (C:\Users\QUTA4\OneDrive\Desktop\Devoffice\server\index.ts:19:57)
    at Layer.handleRequest (C:\Users\QUTA4\OneDrive\Desktop\Devoffice\node_modules\.pnpm\router@2.2.0_supports-color@10.2.2\node_modules\router\lib\layer.js:152:17)
    at next (C:\Users\QUTA4\OneDrive\Desktop\Devoffice\node_modules\.pnpm\router@2.2.0_supports-color@10.2.2\node_modules\router\lib\route.js:157:13)
    at Route.dispatch (C:\Users\QUTA4\OneDrive\Desktop\Devoffice\node_modules\.pnpm\router@2.2.0_supports-color@10.2.2\node_modules\router\lib\route.js:117:3)
    at handle (C:\Users\QUTA4\OneDrive\Desktop\Devoffice\node_modules\.pnpm\router@2.2.0_supports-color@10.2.2\node_modules\router\index.js:435:11)
    at Layer.handleRequest (C:\Users\QUTA4\OneDrive\Desktop\Devoffice\node_modules\.pnpm\router@2.2.0_supports-color@10.2.2\node_modules\router\lib\layer.js:152:17)
{"event":"collaboration.connected","connectionId":"1296c950-7d42-41c7-bebb-c0176eed044a","correlationId":"4caec6d7-56f4-430c-80da-18c98b90cc28"}
{"event":"collaboration.connected","connectionId":"842907cf-b19c-4a47-b995-5bcd46b80272","correlationId":"879f5fa7-1ab6-4ae3-851e-5b502d598f65"}
{"event":"collaboration.connected","connectionId":"0d44c086-1fe5-4c15-90a3-99037ebf954e","correlationId":"5f45d0b5-a203-43c6-8535-b7d160479a90"}
{"scope":"Three independent signed local owner/editor/editor headless profiles, real SQLite and Windows isolated compiler/browser, loopback provider and SDK-backed controlled Storage/PostgREST. No hosted identity/SQL/RLS/live billing/deployment.","participants":3,"checkpoints":[{"phase":"concurrent","revision":2,"version":1,"physicalCalls":3},{"phase":"continuous-and-failed","buildingRevision":3,"revision":5,"version":2,"interpreterCalls":5,"builderCalls":3},{"phase":"corrected-reconnected","revision":6,"artifact":3,"usage":{"recorded":{"requests":9,"personalRequests":0,"builderRequests":0,"inputTokens":900,"outputTokens":450,"estimatedCostUsd":0,"uncertainCostUsd":0,"cachedInputTokens":0,"cacheWriteTokens":0,"reasoningTokens":0},"generation":{"requests":9,"personalRequests":0,"builderRequests":0,"inputTokens":900,"outputTokens":450,"estimatedCostUsd":0,"uncertainCostUsd":0,"cachedInputTokens":0,"cacheWriteTokens":0,"reasoningTokens":0},"setup":{"requests":0,"personalRequests":0,"builderRequests":0,"inputTokens":0,"outputTokens":0,"estimatedCostUsd":0,"uncertainCostUsd":0},"unknownUsageRequests":0,"recordedFrom":"2026-10-05T15:40:53.130Z","coverage":"partial"},"budget":{"id":"056c8f6f-92b9-459c-8408-707b7a6c3def","calls":6,"maximumCalls":24,"reservedUsd":0,"uncertainCalls":6,"closed":true},"accepted":["req_03a42be85bf7","req_9000bc354acf","req_980895587501","req_ac691f088e63","req_d6b0094d5067"],"extraInference":0}],"candidates":[{"revision":2,"requirements":2},{"revision":3,"requirements":3},{"revision":5,"requirements":5},{"revision":6,"requirements":5}],"interpreterCalls":5,"builderCalls":4,"physicalCalls":9,"reportedTokens":1350,"concurrentCallerOnly":true,"deferredCapturesBehindFixedCandidate":true,"failedChecksRetainArtifact":true,"noAutomaticFunctionalRepair":true,"inferenceFreeCorrectionReplayReconnectReload":true,"foreignCorrectionDenied":true,"viewerSubmitDenied":true,"clientStateAndUsageConverged":true,"activeLocalCompetitorDenied":true,"cacheReplacement":{"oldEpoch":1,"scope":"Stopped coordinator, empty derived cache, new instance; competing stale epochs covered separately by focused tests","checkpoint":true,"archivedZip":true,"renderedPreview":true,"receiptReplay":true,"extraInference":0},"coveredChecksPassUnknownCriteriaUnverified":true,"responsiveWidths":[1440,390],"referenceComparison":"pending"}
{"event":"collaboration.disconnected","connectionId":"0d44c086-1fe5-4c15-90a3-99037ebf954e","code":1001}
{"event":"collaboration.disconnected","connectionId":"842907cf-b19c-4a47-b995-5bcd46b80272","code":1006}
{"event":"collaboration.disconnected","connectionId":"1296c950-7d42-41c7-bebb-c0176eed044a","code":1006}
