TAP version 13
# Subtest: compiling controls without behavior fail; retained feature regressions are checked on every candidate
ok 1 - compiling controls without behavior fail; retained feature regressions are checked on every candidate
  ---
  duration_ms: 20058.7934
  type: 'test'
  ...
# (node:24752) ExperimentalWarning: SQLite is an experimental feature and might change at any time
# (Use `node --trace-warnings ...` to show where the warning was created)
# Subtest: Current outcome of Step 01 scenario: later-steering
ok 2 - Current outcome of Step 01 scenario: later-steering
  ---
  duration_ms: 3613.3684
  type: 'test'
  ...
1..2
# tests 2
# suites 0
# pass 2
# fail 0
# cancelled 0
# skipped 0
# todo 0
# duration_ms 24347.525
