TAP version 13
# (node:8264) ExperimentalWarning: SQLite is an experimental feature and might change at any time
# (Use `node --trace-warnings ...` to show where the warning was created)
# Subtest: later captured submissions cannot starve a fixed accepted candidate and drain in capture order
not ok 1 - later captured submissions cannot starve a fixed accepted candidate and drain in capture order
  ---
  duration_ms: 11774.1143
  type: 'test'
  location: 'C:\\Users\\QUTA4\\OneDrive\\Desktop\\Devoffice\\tests\\build-progress.test.ts:5:1'
  failureType: 'testCodeFailure'
  error: |-
    Expected values to be strictly equal:
    
    3 !== 5
    
  code: 'ERR_ASSERTION'
  name: 'AssertionError'
  expected: 5
  actual: 3
  operator: 'strictEqual'
  stack: |-
    TestContext.<anonymous> (C:\Users\QUTA4\OneDrive\Desktop\Devoffice\tests\build-progress.test.ts:20:12)
    async Test.run (node:internal/test_runner/test:1054:7)
    async startSubtestAfterBootstrap (node:internal/test_runner/harness:296:3)
  ...
# Subtest: collection deadline closes admission despite an interpretation backlog
ok 2 - collection deadline closes admission despite an interpretation backlog
  ---
  duration_ms: 5647.6212
  type: 'test'
  ...
# Subtest: pending captured steering survives actual local restart without inference or replay spending
ok 3 - pending captured steering survives actual local restart without inference or replay spending
  ---
  duration_ms: 432.9185
  type: 'test'
  ...
# Subtest: explicit correction bypasses deferred submissions, cancels assumptions and retains executor allowance
ok 4 - explicit correction bypasses deferred submissions, cancels assumptions and retains executor allowance
  ---
  duration_ms: 5119.9264
  type: 'test'
  ...
# Subtest: current membership is rechecked before deferred interpretation dispatch
ok 5 - current membership is rechecked before deferred interpretation dispatch
  ---
  duration_ms: 3902.5386
  type: 'test'
  ...
# Subtest: continuous captures do not replenish the executor ceiling between collected candidates
ok 6 - continuous captures do not replenish the executor ceiling between collected candidates
  ---
  duration_ms: 5104.4221
  type: 'test'
  ...
1..6
# tests 6
# suites 0
# pass 5
# fail 1
# cancelled 0
# skipped 0
# todo 0
# duration_ms 32940.0469
