TAP version 13
# (node:9316) ExperimentalWarning: SQLite is an experimental feature and might change at any time
# (Use `node --trace-warnings ...` to show where the warning was created)
# Subtest: later captured submissions cannot starve a fixed accepted candidate and drain in capture order
ok 1 - later captured submissions cannot starve a fixed accepted candidate and drain in capture order
  ---
  duration_ms: 7928.9424
  type: 'test'
  ...
# Subtest: collection deadline closes admission despite an interpretation backlog
ok 2 - collection deadline closes admission despite an interpretation backlog
  ---
  duration_ms: 3213.5683
  type: 'test'
  ...
# Subtest: pending captured steering survives actual local restart without inference or replay spending
ok 3 - pending captured steering survives actual local restart without inference or replay spending
  ---
  duration_ms: 368.5093
  type: 'test'
  ...
# Subtest: explicit correction bypasses deferred submissions, cancels assumptions and retains executor allowance
ok 4 - explicit correction bypasses deferred submissions, cancels assumptions and retains executor allowance
  ---
  duration_ms: 3069.8834
  type: 'test'
  ...
# Subtest: current membership is rechecked before deferred interpretation dispatch
ok 5 - current membership is rechecked before deferred interpretation dispatch
  ---
  duration_ms: 3011.002
  type: 'test'
  ...
# Subtest: continuous captures do not replenish the executor ceiling between collected candidates
ok 6 - continuous captures do not replenish the executor ceiling between collected candidates
  ---
  duration_ms: 2992.6406
  type: 'test'
  ...
# Subtest: sustained captures make revision-labelled progress each cycle without a quiet global queue
ok 7 - sustained captures make revision-labelled progress each cycle without a quiet global queue
  ---
  duration_ms: 13417.2649
  type: 'test'
  ...
# Subtest: attribution-only deferred acceptance neither rebuilds nor leaves a stuck budget or queue
ok 8 - attribution-only deferred acceptance neither rebuilds nor leaves a stuck budget or queue
  ---
  duration_ms: 3780.3835
  type: 'test'
  ...
# (node:27852) ExperimentalWarning: SQLite is an experimental feature and might change at any time
# (Use `node --trace-warnings ...` to show where the warning was created)
# Subtest: CRDT attribution retains exact repeated-prefix insertions and excludes untouched teammates text
ok 9 - CRDT attribution retains exact repeated-prefix insertions and excludes untouched teammates text
  ---
  duration_ms: 21.8857
  type: 'test'
  ...
# Subtest: physical recovery calls and spending reservations cannot exceed their shared frozen bounds
ok 10 - physical recovery calls and spending reservations cannot exceed their shared frozen bounds
  ---
  duration_ms: 170.4532
  type: 'test'
  ...
# Subtest: output exhaustion becomes coherent smaller tasks, checkpoints before continuing, and never applies truncated JSON
ok 11 - output exhaustion becomes coherent smaller tasks, checkpoints before continuing, and never applies truncated JSON
  ---
  duration_ms: 45.8983
  type: 'test'
  ...
# Subtest: a second output exhaustion stops a smaller task with actionable checkpoint evidence
ok 12 - a second output exhaustion stops a smaller task with actionable checkpoint evidence
  ---
  duration_ms: 46.2274
  type: 'test'
  ...
# Subtest: coordinator leases serialize owners and fence expired workers after takeover
ok 13 - coordinator leases serialize owners and fence expired workers after takeover
  ---
  duration_ms: 68.0398
  type: 'test'
  ...
# Subtest: remote coordinator renewal cannot silently reacquire ownership for an old worker
ok 14 - remote coordinator renewal cannot silently reacquire ownership for an old worker
  ---
  duration_ms: 2.3541
  type: 'test'
  ...
# Subtest: remote saves commit in revision order and acknowledge the actual snapshot
ok 15 - remote saves commit in revision order and acknowledge the actual snapshot
  ---
  duration_ms: 142.9735
  type: 'test'
  ...
# Subtest: failed cloud snapshots reject flushes and interrupted captured edits return to their author
ok 16 - failed cloud snapshots reject flushes and interrupted captured edits return to their author
  ---
  duration_ms: 82.4074
  type: 'test'
  ...
# Subtest: context overflow is distinct from output exhaustion and does not trigger paid recovery calls
ok 17 - context overflow is distinct from output exhaustion and does not trigger paid recovery calls
  ---
  duration_ms: 8.8344
  type: 'test'
  ...
# Subtest: interpretation submits every captured source without silently clipping old edits or long text
ok 18 - interpretation submits every captured source without silently clipping old edits or long text
  ---
  duration_ms: 12.0902
  type: 'test'
  ...
# Subtest: failed cloud acceptance restores the accepted baseline and the captured participant draft
ok 19 - failed cloud acceptance restores the accepted baseline and the captured participant draft
  ---
  duration_ms: 119.7243
  type: 'test'
  ...
# Subtest: an exhausted recovery leaves the previously promoted and compiled artifact available
ok 20 - an exhausted recovery leaves the previously promoted and compiled artifact available
  ---
  duration_ms: 3985.8607
  type: 'test'
  ...
# Subtest: independent participants submit in durable capture order, retain later build inputs and saved drafts on reload
ok 21 - independent participants submit in durable capture order, retain later build inputs and saved drafts on reload
  ---
  duration_ms: 6298.8672
  type: 'test'
  ...
# Subtest: ownership loss after compilation blocks promotion; command replay adds no physical call
ok 22 - ownership loss after compilation blocks promotion; command replay adds no physical call
  ---
  duration_ms: 2633.2112
  type: 'test'
  ...
# Subtest: unavailable isolation retains the promoted artifact and stops before builder dispatch or repairs
ok 23 - unavailable isolation retains the promoted artifact and stops before builder dispatch or repairs
  ---
  duration_ms: 3095.3287
  type: 'test'
  ...
1..23
# tests 23
# suites 0
# pass 23
# fail 0
# cancelled 0
# skipped 0
# todo 0
# duration_ms 55809.0054
