### Type: ignored accepts anymatch patterns (string, RegExp, function, or array)

Source: https://github.com/vitejs/vite/blob/main/packages/vite/src/types/anymatch.d.ts

The `ignored` property on chokidar's `WatchOptions` uses the Anymatch `Matcher` type, meaning it accepts a string glob, a RegExp, a predicate function, or an array of them. Users can set `server.watch.ignored` to any of these forms in their Vite config.

```typescript
export type AnymatchFn = (testString: string) => boolean
export type AnymatchPattern = string | RegExp | AnymatchFn
type AnymatchMatcher = AnymatchPattern | AnymatchPattern[]
```

--------------------------------

### Watcher ignored paths including cacheDir

Source: https://github.com/vitejs/vite/blob/main/packages/vite/src/node/watch.ts

The dev server's file watcher automatically ignores `<cacheDir>/**` (among other defaults like `.git` and `node_modules`). Users can extend the ignored list via `server.watch.ignored` in vite config. Setting `server.watch: null` disables watching entirely.

```typescript
export function resolveChokidarOptions(
  options: ServerWatchOptions | undefined,
  resolvedOutDirs: Set<string>,
  emptyOutDir: boolean,
  cacheDir: string,
): WatchOptions {
  const {
    ignored: ignoredList,
    pollInterval,
    useDebounce,
    debounceDuration,
    debounceTickRate,
    compareContentsForPolling,
    include,
    exclude,
    ...otherOptions
  } = options ?? {}
  const ignored: WatchOptions['ignored'] = [
    '**/.git/**',
    '**/node_modules/**',
    '**/test-results/**', // Playwright
    escapePath(cacheDir) + '/**',
    ...arraify(ignoredList || []),
  ]
  if (emptyOutDir) {
    ignored.push(
      ...[...resolvedOutDirs].map((outDir) => escapePath(outDir) + '/**'),
    )
  }

  const resolvedWatchOptions: WatchOptions = {
    ignored,
    ignoreInitial: true,
    ignorePermissionErrors: true,
    ...otherOptions,
  }

  return resolvedWatchOptions
}
```

--------------------------------

### Output directory excluded from file watcher to prevent rebuild loop

Source: https://github.com/vitejs/vite/blob/main/packages/vite/src/node/watch.ts

When `emptyOutDir` is true (default when outDir is inside the project root), all files written to the output directory (including the rewritten `index.html`) are added to chokidar's `ignored` list. This prevents the modified `index.html` from triggering another rebuild, breaking the infinite loop.

```typescript
const ignored: WatchOptions['ignored'] = [
  '**/.git/**',
  '**/node_modules/**',
  '**/test-results/**', // Playwright
  escapePath(cacheDir) + '/**',
  ...arraify(ignoredList || []),
]
if (emptyOutDir) {
  ignored.push(
    ...[...resolvedOutDirs].map((outDir) => escapePath(outDir) + '/**'),
  )
}

const resolvedWatchOptions: WatchOptions = {
  ignored,
  ignoreInitial: true,
  ignorePermissionErrors: true,
  ...otherOptions,
}
```

--------------------------------

### handleHotUpdate

Source: https://github.com/vitejs/vite/blob/main/docs/guide/api-plugin.md

Performs custom Hot Module Replacement (HMR) update handling when a file changes. The hook receives an HmrContext object and can filter affected modules, trigger full reloads, or send custom HMR events to the client.

```APIDOC
## handleHotUpdate

### Description
Perform custom HMR update handling when a file changes. It allows filtering affected modules, triggering full page reloads, or sending custom WebSocket events to the client.

### Hook Type
- **Type:** `(ctx: HmrContext) => Array<ModuleNode> | void | Promise<Array<ModuleNode> | void>`
- **Kind:** `async`, `sequential`
- **Scope:** Per-environment

### Parameters
- **ctx** (`HmrContext`) - Context object with properties:
  - **file** (`string`) - Path of the changed file.
  - **timestamp** (`number`) - Timestamp of the update.
  - **modules** (`Array<ModuleNode>`) - Array of modules affected by the changed file.
  - **read** (`() => string | Promise<string>`) - Async function returning the content of the file.
  - **server** (`ViteDevServer`) - Vite dev server instance.

### Return Value
Returns `Array<ModuleNode> | void | Promise<Array<ModuleNode> | void>` representing the filtered or narrowed module list, or an empty array when performing custom reload/handling.

### Example
```js
handleHotUpdate({ server, modules, timestamp }) {
  const invalidatedModules = new Set()
  for (const mod of modules) {
    server.moduleGraph.invalidateModule(
      mod,
      invalidatedModules,
      timestamp,
      true
    )
  }
  server.ws.send({ type: 'full-reload' })
  return []
}
```
```

### server.watch

Source: https://github.com/vitejs/vite/blob/main/docs/config/server-options.md

- **Type:** `object | null`

File system watcher options to pass on to [chokidar](https://github.com/paulmillr/chokidar/tree/3.6.0#api).

When bundled-dev mode is enabled, [Rolldown watch options](https://rolldown.rs/reference/InputOptions.watch) (for example, `usePolling`, `pollInterval`, `useDebounce`, `debounceDuration`, `include`, `exclude`) are also accepted. The chokidar-only options are still used by the chokidar watcher, which keeps watching files outside the module graph, such as config file dependencies and env files.

The Vite server watcher watches the `root` and skips the `.git/`, `node_modules/`, `test-results/`, and Vite's `cacheDir` and `build.outDir` directories by default. When updating a watched file, Vite will apply HMR and update the page only if needed.

If set to `null`, no files will be watched. [`server.watcher`](/guide/api-javascript.html#vitedevserver) will provide a compatible event emitter, but calling `add` or `unwatch` will have no effect.
