(node:13736) ExperimentalWarning: SQLite is an experimental feature and might change at any time
(Use `node --trace-warnings ...` to show where the warning was created)
{"event":"collaboration.connected","connectionId":"b33fe56c-77f0-49f2-ad31-6f2d54a796ec","correlationId":"3662a16d-c702-4bf5-9dd7-6cc8fa47672c"}
{"event":"collaboration.connected","connectionId":"e7a313da-537a-4750-b135-14c01d27e024","correlationId":"938692e8-7f59-447b-9522-d48ce2ad9fba"}
{"event":"collaboration.connected","connectionId":"c8117ef5-4782-44a6-9e3b-c0b05197cd0f","correlationId":"62e6f0b9-4fbd-4864-9492-bf816a9b73aa"}
{"phase":"browser-failure","status":"Error","error":"Required behavior verification failed. The previous artifact is retained. Correct the accepted scope or retry the selected builder explicitly. Build r2; 1/24 physical calls used. Working artifact v1 retained. Submit a smaller change or reconnect the selected builder and Retry build.","acceptedRevision":2,"versions":[{"id":1,"revision":1}],"runs":[{"outcome":"promoted","verification":{"operationsApplied":true,"compilationPassed":true,"evidence":{"policyVersion":"list-behavior-v1","specificationRevision":1,"sourceHash":"ac010289482cd18a50214a16e1f8c80cb7f8a9d2642c23f1e6eeddde02f67dd4","candidateHash":"00031d4c0fb762cfd984dba658f8e4e382a8f627f033d5b2f09501323b47c48a","planHash":"e353b93ab9e948c548f85294cf7de4d638a1ab3ab010525f8e877300ee9e6068","checkedAt":"2026-10-04T09:01:57.343Z","browserVersion":"HeadlessChrome/154.0.8037.92","checks":[{"kind":"filter","version":"list-behavior-v1","implemented":true,"passed":true,"message":"Filtering narrows the list; clearing restores it."}],"requirements":[{"requirementId":"req_3fb819102acc","requirementRevision":1,"criteriaHash":"0ea272fea12c0b04d0c0a5e5506d19274e8ecfdc4b324b4847dc8ceb6692dec9","criteria":[{"criterionHash":"622c509f2ad6a3b7038ae41b3bf520dad5c41175974b32ae8ad612e8ee82bf89","checks":["filter"],"status":"passed"}],"implementation":"observed","status":"verified"}],"status":"passed"},"requirementSatisfaction":"passed","regressionCheck":"passed","verified":true}},{"outcome":"failed","verification":{"operationsApplied":true,"compilationPassed":true,"evidence":{"policyVersion":"list-behavior-v1","specificationRevision":2,"sourceHash":"cfaab3c4fe966929b8bc8461e9914be3d6ab4d572e7ab78c441bcde2ff79a1c2","candidateHash":"b9569839786e9e7c8e3023bfc88cd87ce8175136db3a7efcafbb9781ec6926c5","planHash":"4e406d25f26a64139b1bdafeceb344f9c6c165b246fb0918f9d3b471e5f1cddf","checkedAt":"2026-10-04T09:02:05.699Z","browserVersion":"HeadlessChrome/154.0.8037.92","checks":[{"kind":"filter","version":"list-behavior-v1","implemented":true,"passed":false,"message":"Filtering did not narrow and restore the visible list."},{"kind":"favorites","version":"list-behavior-v1","implemented":true,"passed":true,"message":"The favorite state toggles and restores without removing items."}],"requirements":[{"requirementId":"req_3fb819102acc","requirementRevision":1,"criteriaHash":"0ea272fea12c0b04d0c0a5e5506d19274e8ecfdc4b324b4847dc8ceb6692dec9","criteria":[{"criterionHash":"622c509f2ad6a3b7038ae41b3bf520dad5c41175974b32ae8ad612e8ee82bf89","checks":["filter"],"status":"failed"}],"implementation":"observed","status":"failed"},{"requirementId":"req_980895587501","requirementRevision":1,"criteriaHash":"242963850dda8c42c0bf98350081abb874beb718b6ba7b4aafcbd2868fe93e6f","criteria":[{"criterionHash":"8b05e3cd6861df5b3753b867abfa3f4d16b8ff708e6852a9e1b064b52a459e3c","checks":["favorites"],"status":"passed"}],"implementation":"observed","status":"verified"}],"status":"failed"},"requirementSatisfaction":"failed","regressionCheck":"failed","verified":false}}]}
{"event":"collaboration.disconnected","connectionId":"c8117ef5-4782-44a6-9e3b-c0b05197cd0f","code":1006}
{"event":"collaboration.disconnected","connectionId":"e7a313da-537a-4750-b135-14c01d27e024","code":1006}
{"event":"collaboration.disconnected","connectionId":"b33fe56c-77f0-49f2-ad31-6f2d54a796ec","code":1006}
node:internal/modules/run_main:123
    triggerUncaughtException(
    ^

AssertionError [ERR_ASSERTION]: Expected values to be strictly equal:

false !== true

    at <anonymous> (C:\Users\QUTA4\OneDrive\Desktop\Devoffice\scripts\verify-candidate-evidence.ts:116:10) {
  generatedMessage: true,
  code: 'ERR_ASSERTION',
  actual: false,
  expected: true,
  operator: 'strictEqual',
  diff: 'simple'
}

Node.js v22.23.2
