TAP version 13
# {"policyVersion":"list-behavior-v1","specificationRevision":3,"sourceHash":"ac010289482cd18a50214a16e1f8c80cb7f8a9d2642c23f1e6eeddde02f67dd4","candidateHash":"00031d4c0fb762cfd984dba658f8e4e382a8f627f033d5b2f09501323b47c48a","planHash":"f18d214ad9e23477b539adcf433dd61b693d7094f13fb1be96989e8e77a09ebf","checkedAt":"2026-10-04T08:57:36.323Z","browserVersion":"HeadlessChrome/154.0.8037.92","checks":[{"kind":"filter","version":"list-behavior-v1","implemented":true,"passed":true,"message":"Filtering narrows the list; clearing restores it."},{"kind":"favorites","version":"list-behavior-v1","implemented":true,"passed":true,"message":"The favorite state toggles and restores without removing items."},{"kind":"sort","version":"list-behavior-v1","implemented":true,"passed":true,"message":"Sorting changes list order into alphabetical order without losing items."}],"requirements":[{"requirementId":"req_3fb819102acc","requirementRevision":1,"criteriaHash":"0ea272fea12c0b04d0c0a5e5506d19274e8ecfdc4b324b4847dc8ceb6692dec9","criteria":[{"criterionHash":"622c509f2ad6a3b7038ae41b3bf520dad5c41175974b32ae8ad612e8ee82bf89","checks":["filter"],"status":"passed"}],"implementation":"observed","status":"verified"},{"requirementId":"req_980895587501","requirementRevision":1,"criteriaHash":"242963850dda8c42c0bf98350081abb874beb718b6ba7b4aafcbd2868fe93e6f","criteria":[{"criterionHash":"8b05e3cd6861df5b3753b867abfa3f4d16b8ff708e6852a9e1b064b52a459e3c","checks":["favorites"],"status":"passed"}],"implementation":"observed","status":"verified"},{"requirementId":"req_d6b0094d5067","requirementRevision":1,"criteriaHash":"6f32c53a669776de27c4dbea71596b9852592e0598637c859f94231f5e4028df","criteria":[{"criterionHash":"dc99f1133bd52aff16fb0b97f8eb15d0e1d1e0eb5adcbcf87ad6905443a91875","checks":["sort"],"status":"passed"}],"implementation":"observed","status":"verified"}],"status":"passed"}
# Subtest: real isolated browser verifies accepted filter, favorites and sorting and binds evidence to the candidate
ok 1 - real isolated browser verifies accepted filter, favorites and sorting and binds evidence to the candidate
  ---
  duration_ms: 8315.0436
  type: 'test'
  ...
# Subtest: compiling controls without behavior fail; retained feature regressions are checked on every candidate
ok 2 - compiling controls without behavior fail; retained feature regressions are checked on every candidate
  ---
  duration_ms: 19539.4483
  type: 'test'
  ...
# Subtest: unsupported prose remains unverified and generated assertion tampering cannot replace trusted checks
ok 3 - unsupported prose remains unverified and generated assertion tampering cannot replace trusted checks
  ---
  duration_ms: 4096.2915
  type: 'test'
  ...
# Subtest: actual verification browser denies a private host file and loopback network and removes its child/profile
ok 4 - actual verification browser denies a private host file and loopback network and removes its child/profile
  ---
  duration_ms: 2974.2698
  type: 'test'
  ...
# Subtest: browser CPU and protocol output remain inside the reused Job Object bounds
ok 5 - browser CPU and protocol output remain inside the reused Job Object bounds
  ---
  duration_ms: 19160.9997
  type: 'test'
  ...
# Subtest: cancellation and wall limits terminate browser execution and leave no child jobs
ok 6 - cancellation and wall limits terminate browser execution and leave no child jobs
  ---
  duration_ms: 4020.1852
  type: 'test'
  ...
# (node:11276) ExperimentalWarning: SQLite is an experimental feature and might change at any time
# (Use `node --trace-warnings ...` to show where the warning was created)
# Subtest: Current outcome of Step 01 scenario: simultaneous-slow
ok 7 - Current outcome of Step 01 scenario: simultaneous-slow
  ---
  duration_ms: 6593.9562
  type: 'test'
  ...
# Subtest: Current outcome of Step 01 scenario: failed-interpreter
ok 8 - Current outcome of Step 01 scenario: failed-interpreter
  ---
  duration_ms: 4890.9427
  type: 'test'
  ...
# Subtest: Current outcome of Step 01 scenario: later-steering
ok 9 - Current outcome of Step 01 scenario: later-steering
  ---
  duration_ms: 7222.5715
  type: 'test'
  ...
# Subtest: Current outcome of Step 01 scenario: continuous-arrivals
ok 10 - Current outcome of Step 01 scenario: continuous-arrivals
  ---
  duration_ms: 16619.6958
  type: 'test'
  ...
# Subtest: Current outcome of Step 01 scenario: ambiguous-reference
ok 11 - Current outcome of Step 01 scenario: ambiguous-reference
  ---
  duration_ms: 176.1291
  type: 'test'
  ...
# Subtest: Current outcome of Step 01 scenario: invented-passage
ok 12 - Current outcome of Step 01 scenario: invented-passage
  ---
  duration_ms: 163.7147
  type: 'test'
  ...
# Subtest: Current outcome of Step 01 scenario: incorrect-product
ok 13 - Current outcome of Step 01 scenario: incorrect-product
  ---
  duration_ms: 6082.4452
  type: 'test'
  ...
# Subtest: Current outcome of Step 01 scenario: snapshot-body-gap
ok 14 - Current outcome of Step 01 scenario: snapshot-body-gap
  ---
  duration_ms: 139.1834
  type: 'test'
  ...
# Subtest: Current outcome of Step 01 scenario: projection-growth
ok 15 - Current outcome of Step 01 scenario: projection-growth
  ---
  duration_ms: 155.2452
  type: 'test'
  ...
# Subtest: Current outcome of Step 01 scenario: isolation-policy
ok 16 - Current outcome of Step 01 scenario: isolation-policy
  ---
  duration_ms: 75.9255
  type: 'test'
  ...
# Subtest: Current outcome of Step 01 scenario: restart-budget
ok 17 - Current outcome of Step 01 scenario: restart-budget
  ---
  duration_ms: 98.2903
  type: 'test'
  ...
# (node:15928) ExperimentalWarning: SQLite is an experimental feature and might change at any time
# (Use `node --trace-warnings ...` to show where the warning was created)
# Subtest: required behavior failure retains the verified product, records actionable evidence and needs explicit retry
ok 18 - required behavior failure retains the verified product, records actionable evidence and needs explicit retry
  ---
  duration_ms: 19556.3663
  type: 'test'
  ...
# Subtest: unavailable verification browser fails before builder spending and never reuses legacy covered evidence
ok 19 - unavailable verification browser fails before builder spending and never reuses legacy covered evidence
  ---
  duration_ms: 4739.6619
  type: 'test'
  ...
# Subtest: CRDT attribution retains exact repeated-prefix insertions and excludes untouched teammates text
ok 20 - CRDT attribution retains exact repeated-prefix insertions and excludes untouched teammates text
  ---
  duration_ms: 4.102
  type: 'test'
  ...
# Subtest: physical recovery calls and spending reservations cannot exceed their shared frozen bounds
ok 21 - physical recovery calls and spending reservations cannot exceed their shared frozen bounds
  ---
  duration_ms: 86.3781
  type: 'test'
  ...
# Subtest: output exhaustion becomes coherent smaller tasks, checkpoints before continuing, and never applies truncated JSON
ok 22 - output exhaustion becomes coherent smaller tasks, checkpoints before continuing, and never applies truncated JSON
  ---
  duration_ms: 51.9229
  type: 'test'
  ...
# Subtest: a second output exhaustion stops a smaller task with actionable checkpoint evidence
ok 23 - a second output exhaustion stops a smaller task with actionable checkpoint evidence
  ---
  duration_ms: 19.1796
  type: 'test'
  ...
# Subtest: coordinator leases serialize owners and fence expired workers after takeover
ok 24 - coordinator leases serialize owners and fence expired workers after takeover
  ---
  duration_ms: 56.5692
  type: 'test'
  ...
# Subtest: remote coordinator renewal cannot silently reacquire ownership for an old worker
ok 25 - remote coordinator renewal cannot silently reacquire ownership for an old worker
  ---
  duration_ms: 2.1434
  type: 'test'
  ...
# Subtest: remote saves commit in revision order and acknowledge the actual snapshot
ok 26 - remote saves commit in revision order and acknowledge the actual snapshot
  ---
  duration_ms: 129.9185
  type: 'test'
  ...
# Subtest: failed cloud snapshots reject flushes and interrupted captured edits return to their author
ok 27 - failed cloud snapshots reject flushes and interrupted captured edits return to their author
  ---
  duration_ms: 85.3822
  type: 'test'
  ...
# Subtest: context overflow is distinct from output exhaustion and does not trigger paid recovery calls
ok 28 - context overflow is distinct from output exhaustion and does not trigger paid recovery calls
  ---
  duration_ms: 5.9351
  type: 'test'
  ...
# Subtest: interpretation submits every captured source without silently clipping old edits or long text
ok 29 - interpretation submits every captured source without silently clipping old edits or long text
  ---
  duration_ms: 7.5511
  type: 'test'
  ...
# Subtest: failed cloud acceptance restores the accepted baseline and the captured participant draft
ok 30 - failed cloud acceptance restores the accepted baseline and the captured participant draft
  ---
  duration_ms: 113.3894
  type: 'test'
  ...
# Subtest: an exhausted recovery leaves the previously promoted and compiled artifact available
ok 31 - an exhausted recovery leaves the previously promoted and compiled artifact available
  ---
  duration_ms: 4098.0824
  type: 'test'
  ...
# Subtest: independent participants submit in durable capture order, retain later build inputs and saved drafts on reload
ok 32 - independent participants submit in durable capture order, retain later build inputs and saved drafts on reload
  ---
  duration_ms: 12847.0265
  type: 'test'
  ...
# Subtest: ownership loss after compilation blocks promotion; command replay adds no physical call
ok 33 - ownership loss after compilation blocks promotion; command replay adds no physical call
  ---
  duration_ms: 3012.6127
  type: 'test'
  ...
# Subtest: unavailable isolation retains the promoted artifact and stops before builder dispatch or repairs
ok 34 - unavailable isolation retains the promoted artifact and stops before builder dispatch or repairs
  ---
  duration_ms: 3600.9662
  type: 'test'
  ...
1..34
# tests 34
# suites 0
# pass 34
# fail 0
# cancelled 0
# skipped 0
# todo 0
# duration_ms 150532.6964
