
1. Title: Node.js
   Context7-compatible library ID: /nodejs/node
   Description: Node.js is an open-source, cross-platform JavaScript runtime environment that enables developers to build scalable network applications.
   Code Snippets: 22144
   Source Reputation: High
   Benchmark Score: 79.76
   Versions: v22.17.0, v22_20_0, v25.9.0

2. Title: Node.js
   Context7-compatible library ID: /websites/nodejs_latest-v24_x_api
   Description: Node.js is an open-source, cross-platform JavaScript runtime environment that executes JavaScript code outside a web browser, enabling server-side and networking applications.
   Code Snippets: 11880
   Source Reputation: High
   Benchmark Score: 82.62

3. Title: Node.js
   Context7-compatible library ID: /websites/nodejs_latest-v22_x_api
   Description: Node.js is a JavaScript runtime built on Chrome's V8 JavaScript engine that enables developers to run JavaScript code server-side for building scalable network applications.
   Code Snippets: 8316
   Source Reputation: High
   Benchmark Score: 75.44

4. Title: Node.js
   Context7-compatible library ID: /nodejs/nodejs.org
   Description: The official website for the Node.js JavaScript runtime, built using Next.js, TypeScript, and Tailwind CSS.
   Code Snippets: 15028
   Source Reputation: High
   Benchmark Score: 60.4

5. Title: Node.js
   Context7-compatible library ID: /websites/nodejs_latest-v20_x
   Description: Node.js is a JavaScript runtime built on Chrome's V8 engine that enables developers to build fast, scalable server-side applications.
   Code Snippets: 13267
   Source Reputation: High
   Benchmark Score: 72.49
