TAP version 13
# Subtest: real isolated browser verifies accepted filter, favorites and sorting and binds evidence to the candidate
not ok 1 - real isolated browser verifies accepted filter, favorites and sorting and binds evidence to the candidate
  ---
  duration_ms: 5977.7055
  type: 'test'
  location: 'C:\\Users\\QUTA4\\OneDrive\\Desktop\\Devoffice\\tests\\candidate-verification.test.ts:15:1'
  failureType: 'testCodeFailure'
  error: 'Verification finished.'
  code: 'isolation_cancelled'
  stack: |-
    Timeout.<anonymous> (C:\Users\QUTA4\OneDrive\Desktop\Devoffice\server\isolation\browser.ts:105:52)
    listOnTimeout (node:internal/timers:585:17)
    process.processTimers (node:internal/timers:521:7)
  ...
# Subtest: compiling controls without behavior fail; retained feature regressions are checked on every candidate
not ok 2 - compiling controls without behavior fail; retained feature regressions are checked on every candidate
  ---
  duration_ms: 4317.085
  type: 'test'
  location: 'C:\\Users\\QUTA4\\OneDrive\\Desktop\\Devoffice\\tests\\candidate-verification.test.ts:35:1'
  failureType: 'testCodeFailure'
  error: 'The candidate could not be inspected.'
  code: 'ERR_TEST_FAILURE'
  stack: |-
    inspect (C:\Users\QUTA4\OneDrive\Desktop\Devoffice\server\verification.ts:76:66)
    process.processTicksAndRejections (node:internal/process/task_queues:103:5)
    async withIsolatedBrowser.signal.signal (C:\Users\QUTA4\OneDrive\Desktop\Devoffice\server\verification.ts:80:20)
    async withIsolatedBrowser (C:\Users\QUTA4\OneDrive\Desktop\Devoffice\server\isolation\browser.ts:99:20)
    async verifyCandidate (C:\Users\QUTA4\OneDrive\Desktop\Devoffice\server\verification.ts:64:26)
    async TestContext.<anonymous> (C:\Users\QUTA4\OneDrive\Desktop\Devoffice\tests\candidate-verification.test.ts:38:85)
    async Test.run (node:internal/test_runner/test:1054:7)
    async Test.processPendingSubtests (node:internal/test_runner/test:744:7)
  ...
# Subtest: unsupported prose remains unverified and generated assertion tampering cannot replace trusted checks
not ok 3 - unsupported prose remains unverified and generated assertion tampering cannot replace trusted checks
  ---
  duration_ms: 4506.7106
  type: 'test'
  location: 'C:\\Users\\QUTA4\\OneDrive\\Desktop\\Devoffice\\tests\\candidate-verification.test.ts:44:1'
  failureType: 'testCodeFailure'
  error: 'Verification finished.'
  code: 'isolation_cancelled'
  stack: |-
    Timeout.<anonymous> (C:\Users\QUTA4\OneDrive\Desktop\Devoffice\server\isolation\browser.ts:105:52)
    listOnTimeout (node:internal/timers:585:17)
    process.processTimers (node:internal/timers:521:7)
  ...
1..3
# tests 3
# suites 0
# pass 0
# fail 3
# cancelled 0
# skipped 0
# todo 0
# duration_ms 15470.9644
