TAP version 13
# Subtest: real isolated browser verifies accepted filter, favorites and sorting and binds evidence to the candidate
not ok 1 - real isolated browser verifies accepted filter, favorites and sorting and binds evidence to the candidate
  ---
  duration_ms: 5054.9883
  type: 'test'
  location: 'C:\\Users\\QUTA4\\OneDrive\\Desktop\\Devoffice\\tests\\candidate-verification.test.ts:15:1'
  failureType: 'testCodeFailure'
  error: 'The candidate could not be inspected. {"exceptionId":1,"text":"Uncaught","lineNumber":0,"columnNumber":44,"scriptId":"5","exception":{"type":"object","subtype":"error","className":"ReferenceError","description":"ReferenceError: __name is not defined\\n    at inspectList (<anonymous>:1:45)\\n    at <anonymous>:1:2305","objectId":"4594201532295937901.2.2"}}'
  code: 'ERR_TEST_FAILURE'
  stack: |-
    inspect (C:\Users\QUTA4\OneDrive\Desktop\Devoffice\server\verification.ts:76:66)
    process.processTicksAndRejections (node:internal/process/task_queues:103:5)
    async withIsolatedBrowser.signal.signal (C:\Users\QUTA4\OneDrive\Desktop\Devoffice\server\verification.ts:80:20)
    async withIsolatedBrowser (C:\Users\QUTA4\OneDrive\Desktop\Devoffice\server\isolation\browser.ts:99:20)
    async verifyCandidate (C:\Users\QUTA4\OneDrive\Desktop\Devoffice\server\verification.ts:64:26)
    async TestContext.<anonymous> (C:\Users\QUTA4\OneDrive\Desktop\Devoffice\tests\candidate-verification.test.ts:19:18)
    async Test.run (node:internal/test_runner/test:1054:7)
    async startSubtestAfterBootstrap (node:internal/test_runner/harness:296:3)
  ...
1..1
# tests 1
# suites 0
# pass 0
# fail 1
# cancelled 0
# skipped 0
# todo 0
# duration_ms 5426.079
