TAP version 13
# (node:5068) ExperimentalWarning: SQLite is an experimental feature and might change at any time
# (Use `node --trace-warnings ...` to show where the warning was created)
# Subtest: anonymous registration commits before success, retries dedupe, and restart preserves consent and limits
ok 1 - anonymous registration commits before success, retries dedupe, and restart preserves consent and limits
  ---
  duration_ms: 224.9899
  type: 'test'
  ...
# Subtest: failed durable writes cannot show registration success; rate window expiry allows safe retry
ok 2 - failed durable writes cannot show registration success; rate window expiry allows safe retry
  ---
  duration_ms: 43.9286
  type: 'test'
  ...
# Subtest: registration requires valid email and explicit consent, and forwarded rate identities require Worker proof
ok 3 - registration requires valid email and explicit consent, and forwarded rate identities require Worker proof
  ---
  duration_ms: 0.9998
  type: 'test'
  ...
# Subtest: approval is fresh private authority, owner retains access, and approval grants no foreign membership
ok 4 - approval is fresh private authority, owner retains access, and approval grants no foreign membership
  ---
  duration_ms: 6.1684
  type: 'test'
  ...
# Subtest: pending invitation acceptance leaves the invite untouched and returns to the existing contract after approval
ok 5 - pending invitation acceptance leaves the invite untouched and returns to the existing contract after approval
  ---
  duration_ms: 1.1338
  type: 'test'
  ...
# {"event":"collaboration.upgrade_rejected","category":"forbidden","correlationId":"cc5009a8-8256-404a-825a-31221252498a"}
# {"event":"collaboration.connected","connectionId":"0a75b083-fa47-489d-ae4a-5318bb9a7ac4","correlationId":"0e93eb59-7b28-4595-81a2-13220e8c2373"}
# {"event":"collaboration.disconnected","connectionId":"0a75b083-fa47-489d-ae4a-5318bb9a7ac4","code":4403}
# {"event":"collaboration.connected","connectionId":"0cdd8289-f4c4-4219-9c6a-8b043322fd84","correlationId":"2664c3f2-be8a-4080-bc31-0450a7bbaf83"}
# {"event":"collaboration.disconnected","connectionId":"0cdd8289-f4c4-4219-9c6a-8b043322fd84","code":4403}
# Subtest: unapproved accounts cannot read APIs, previews, downloads, socket upgrades/messages or later delivery
ok 6 - unapproved accounts cannot read APIs, previews, downloads, socket upgrades/messages or later delivery
  ---
  duration_ms: 239.804
  type: 'test'
  ...
1..6
# tests 6
# suites 0
# pass 6
# fail 0
# cancelled 0
# skipped 0
# todo 0
# duration_ms 2481.5549
