TAP version 13
# {"policyVersion":"list-behavior-v1","specificationRevision":3,"sourceHash":"ac010289482cd18a50214a16e1f8c80cb7f8a9d2642c23f1e6eeddde02f67dd4","candidateHash":"00031d4c0fb762cfd984dba658f8e4e382a8f627f033d5b2f09501323b47c48a","planHash":"f18d214ad9e23477b539adcf433dd61b693d7094f13fb1be96989e8e77a09ebf","checkedAt":"2026-10-07T19:22:48.164Z","browserVersion":"HeadlessChrome/154.0.8037.92","checks":[{"kind":"filter","version":"list-behavior-v1","implemented":true,"passed":true,"message":"Filtering narrows the list; clearing restores it."},{"kind":"favorites","version":"list-behavior-v1","implemented":true,"passed":true,"message":"The favorite state toggles and restores without removing items."},{"kind":"sort","version":"list-behavior-v1","implemented":true,"passed":true,"message":"Sorting changes list order into alphabetical order without losing items."}],"requirements":[{"requirementId":"req_3fb819102acc","requirementRevision":1,"criteriaHash":"0ea272fea12c0b04d0c0a5e5506d19274e8ecfdc4b324b4847dc8ceb6692dec9","criteria":[{"criterionHash":"622c509f2ad6a3b7038ae41b3bf520dad5c41175974b32ae8ad612e8ee82bf89","checks":["filter"],"status":"passed"}],"implementation":"observed","status":"verified"},{"requirementId":"req_980895587501","requirementRevision":1,"criteriaHash":"242963850dda8c42c0bf98350081abb874beb718b6ba7b4aafcbd2868fe93e6f","criteria":[{"criterionHash":"8b05e3cd6861df5b3753b867abfa3f4d16b8ff708e6852a9e1b064b52a459e3c","checks":["favorites"],"status":"passed"}],"implementation":"observed","status":"verified"},{"requirementId":"req_d6b0094d5067","requirementRevision":1,"criteriaHash":"6f32c53a669776de27c4dbea71596b9852592e0598637c859f94231f5e4028df","criteria":[{"criterionHash":"dc99f1133bd52aff16fb0b97f8eb15d0e1d1e0eb5adcbcf87ad6905443a91875","checks":["sort"],"status":"passed"}],"implementation":"observed","status":"verified"}],"status":"passed"}
# Subtest: real isolated browser verifies accepted filter, favorites and sorting and binds evidence to the candidate
ok 1 - real isolated browser verifies accepted filter, favorites and sorting and binds evidence to the candidate
  ---
  duration_ms: 8182.6624
  type: 'test'
  ...
# Subtest: compiling controls without behavior fail; retained feature regressions are checked on every candidate
ok 2 - compiling controls without behavior fail; retained feature regressions are checked on every candidate
  ---
  duration_ms: 19659.1992
  type: 'test'
  ...
# Subtest: unsupported prose remains unverified and generated assertion tampering cannot replace trusted checks
ok 3 - unsupported prose remains unverified and generated assertion tampering cannot replace trusted checks
  ---
  duration_ms: 5374.5671
  type: 'test'
  ...
# Subtest: actual verification browser denies a private host file and loopback network and removes its child/profile
ok 4 - actual verification browser denies a private host file and loopback network and removes its child/profile
  ---
  duration_ms: 1751.0241
  type: 'test'
  ...
# Subtest: browser CPU and protocol output remain inside the reused Job Object bounds
ok 5 - browser CPU and protocol output remain inside the reused Job Object bounds
  ---
  duration_ms: 16790.3999
  type: 'test'
  ...
# Subtest: cancellation and wall limits terminate browser execution and leave no child jobs
ok 6 - cancellation and wall limits terminate browser execution and leave no child jobs
  ---
  duration_ms: 2884.2045
  type: 'test'
  ...
# (node:18708) ExperimentalWarning: SQLite is an experimental feature and might change at any time
# (Use `node --trace-warnings ...` to show where the warning was created)
# Subtest: the pre-launch deployment binds hosted auth and callbacks to the custom domain
ok 7 - the pre-launch deployment binds hosted auth and callbacks to the custom domain
  ---
  duration_ms: 1.7395
  type: 'test'
  ...
# Subtest: legacy links preserve their destination without allowing host escape or protected ingress
ok 8 - legacy links preserve their destination without allowing host escape or protected ingress
  ---
  duration_ms: 7.8126
  type: 'test'
  ...
# Subtest: the application exposes a container readiness endpoint
ok 9 - the application exposes a container readiness endpoint
  ---
  duration_ms: 336.4227
  type: 'test'
  ...
# Subtest: the Cloudflare container uses the native WebSocket-aware proxy
ok 10 - the Cloudflare container uses the native WebSocket-aware proxy
  ---
  duration_ms: 0.8785
  type: 'test'
  ...
# Subtest: direct application startup refuses unavailable isolation before binding a server
ok 11 - direct application startup refuses unavailable isolation before binding a server
  ---
  duration_ms: 1615.096
  type: 'test'
  ...
# Subtest: ordinary compilation runs in the real OS boundary and never evaluates candidate top-level code
ok 12 - ordinary compilation runs in the real OS boundary and never evaluates candidate top-level code
  ---
  duration_ms: 5617.1677
  type: 'test'
  ...
# Subtest: AppContainer without Node permissions denies an existing private host file, writes and live loopback network
ok 13 - AppContainer without Node permissions denies an existing private host file, writes and live loopback network
  ---
  duration_ms: 654.2864
  type: 'test'
  ...
# Subtest: restricted process strips injection/secrets and denies subprocesses, workers and cross-workspace reads
ok 14 - restricted process strips injection/secrets and denies subprocesses, workers and cross-workspace reads
  ---
  duration_ms: 614.0268
  type: 'test'
  ...
# Subtest: candidate imports cannot read absolute files, traverse workspaces or download packages/styles
ok 15 - candidate imports cannot read absolute files, traverse workspaces or download packages/styles
  ---
  duration_ms: 8780.7424
  type: 'test'
  ...
# Subtest: wall timeout terminates a running child and cleans its private input
ok 16 - wall timeout terminates a running child and cleans its private input
  ---
  duration_ms: 747.8933
  type: 'test'
  ...
# Subtest: cancellation waits for real child termination and cleanup; pre-abort starts nothing
ok 17 - cancellation waits for real child termination and cleanup; pre-abort starts nothing
  ---
  duration_ms: 288.728
  type: 'test'
  ...
# Subtest: memory exhaustion cannot escape the OS bound and leaves no child work
ok 18 - memory exhaustion cannot escape the OS bound and leaves no child work
  ---
  duration_ms: 803.378
  type: 'test'
  ...
# Subtest: unavailable isolation fails explicitly and cannot fall back to host compilation
ok 19 - unavailable isolation fails explicitly and cannot fall back to host compilation
  ---
  duration_ms: 1.7177
  type: 'test'
  ...
# Subtest: CPU bound stops a busy child before the longer wall deadline
ok 20 - CPU bound stops a busy child before the longer wall deadline
  ---
  duration_ms: 15122.7623
  type: 'test'
  ...
# Subtest: untrusted output is bounded before it reaches application memory or artifacts
ok 21 - untrusted output is bounded before it reaches application memory or artifacts
  ---
  duration_ms: 393.7935
  type: 'test'
  ...
# Invitation email rejected by provider { invitationId: 'i3', status: 422 }
# Invitation email response lacked an acceptance ID { invitationId: 'i4' }
# (node:14704) ExperimentalWarning: SQLite is an experimental feature and might change at any time
# (Use `node --trace-warnings ...` to show where the warning was created)
# Subtest: project tickets are scoped and expire
ok 22 - project tickets are scoped and expire
  ---
  duration_ms: 3.2555
  type: 'test'
  ...
# Subtest: hosted Supabase mode fails closed when the server secret is absent
ok 23 - hosted Supabase mode fails closed when the server secret is absent
  ---
  duration_ms: 0.4416
  type: 'test'
  ...
# Subtest: server Supabase configuration rejects mismatched credentials and JWKS
ok 24 - server Supabase configuration rejects mismatched credentials and JWKS
  ---
  duration_ms: 0.3164
  type: 'test'
  ...
# Subtest: public auth configuration is explicit and derives the Worker callback
ok 25 - public auth configuration is explicit and derives the Worker callback
  ---
  duration_ms: 1.5289
  type: 'test'
  ...
# Subtest: Wrangler uses matching server and Vite build-time Supabase configuration
ok 26 - Wrangler uses matching server and Vite build-time Supabase configuration
  ---
  duration_ms: 0.6453
  type: 'test'
  ...
# Subtest: Google callback exchanges once, reports errors, and restores only local destinations
ok 27 - Google callback exchanges once, reports errors, and restores only local destinations
  ---
  duration_ms: 0.7316
  type: 'test'
  ...
# Subtest: Supabase bytea persistence preserves Yjs bytes and recovers the legacy Buffer JSON defect
ok 28 - Supabase bytea persistence preserves Yjs bytes and recovers the legacy Buffer JSON defect
  ---
  duration_ms: 8.9332
  type: 'test'
  ...
# Subtest: auth source preserves Google and adds password, confirmation, and recovery flows
ok 29 - auth source preserves Google and adds password, confirmation, and recovery flows
  ---
  duration_ms: 1.5202
  type: 'test'
  ...
# Subtest: project names and invitation emails use canonical validation
ok 30 - project names and invitation emails use canonical validation
  ---
  duration_ms: 0.5869
  type: 'test'
  ...
# Subtest: transactional invitation email is truthful and idempotent at the provider boundary
ok 31 - transactional invitation email is truthful and idempotent at the provider boundary
  ---
  duration_ms: 24.407
  type: 'test'
  ...
# Subtest: email invitation migration binds recipients and enforces sharing permissions
ok 32 - email invitation migration binds recipients and enforces sharing permissions
  ---
  duration_ms: 1.1939
  type: 'test'
  ...
# Subtest: invite tokens are hashed before persistence
ok 33 - invite tokens are hashed before persistence
  ---
  duration_ms: 0.191
  type: 'test'
  ...
# Subtest: migration enables RLS and keeps authoritative runtime writes server-only
ok 34 - migration enables RLS and keeps authoritative runtime writes server-only
  ---
  duration_ms: 1.0496
  type: 'test'
  ...
1..34
# tests 34
# suites 0
# pass 34
# fail 0
# cancelled 0
# skipped 0
# todo 0
# duration_ms 94915.3217
