vite v7.3.6 building client environment for production...
transforming...
✓ 1749 modules transformed.
rendering chunks...
computing gzip size...
dist/index.html                             0.44 kB │ gzip:   0.30 kB
dist/assets/App-BqUO_rW7.css                2.56 kB │ gzip:   0.85 kB
dist/assets/LandingPage-CNj4pefA.css       13.13 kB │ gzip:   2.95 kB
dist/assets/index-cyLHvudv.css             75.38 kB │ gzip:  14.48 kB
dist/assets/users-Dr8j6F1_.js               0.69 kB │ gzip:   0.39 kB
dist/assets/createLucideIcon-DEPcvrQA.js    0.89 kB │ gzip:   0.55 kB
dist/assets/x-B_gRhIpb.js                   1.70 kB │ gzip:   0.78 kB
dist/assets/LandingPage-BMEaqQcf.js        15.33 kB │ gzip:   4.92 kB
dist/assets/ProjectApp-CLGOO3x_.js         29.68 kB │ gzip:   9.01 kB
dist/assets/index-DipJVwKv.js             421.94 kB │ gzip: 121.32 kB
dist/assets/App-Qul1afC4.js               583.75 kB │ gzip: 185.76 kB

(!) Some chunks are larger than 500 kB after minification. Consider:
- Using dynamic import() to code-split the application
- Use build.rollupOptions.output.manualChunks to improve chunking: https://rollupjs.org/configuration-options/#output-manualchunks
- Adjust chunk size limit for this warning via build.chunkSizeWarningLimit.
✓ built in 5.85s
