Graph: graphify-out/graph.json (2011 nodes) | Traversal: BFS depth=2 | Start: ['preview.ts', 'previewDocument()', 'preview-smoke.mjs', 'Authentication, project naming, and sharing extension (2026-09-25)', 'oauth_authorizations', 'invitation-email.ts', '.membership()', 'WebSocket collaboration'] | 228 nodes found

[!] TRUNCATED: showing 60 of 228 nodes (~1800-token budget). The answer may be among the 168 cut nodes — raise the token budget (CLI: --budget) or narrow the query (e.g. context_filter=['call'], or get_node for a specific symbol).

NODE preview.ts [src=server/preview.ts loc=L1 community=cocreate.test.ts]
NODE previewDocument() [src=server/preview.ts loc=L1 community=cocreate.test.ts]
NODE preview-smoke.mjs [src=tests/preview-smoke.mjs loc=L1 community=ref_node_path]
NODE Authentication, project naming, and sharing extension (2026-09-25) [src=docs/harness/archive/2026-10-01-pre-consolidation/architecture.md loc=L213 community=Harness architecture]
NODE oauth_authorizations [src=prisma/schema.prisma loc=L207 community=prisma/schema.prisma]
NODE invitation-email.ts [src=server/invitation-email.ts loc=L1 community=invitation-email.ts]
NODE .membership() [src=server/supabase-platform.ts loc=L56 community=SupabasePlatform]
NODE WebSocket collaboration [src=docs/harness/archive/2026-10-01-pre-consolidation/api.md loc=L180 community=api.md]
NODE index.ts [src=server/index.ts loc=L1 community=index.ts]
NODE harness/architecture.md [src=docs/harness/architecture.md loc=L3 community=harness/architecture.md]
NODE createCoCreateServer() [src=server/index.ts loc=L61 community=RoomManager]
NODE prisma/schema.prisma [src=prisma/schema.prisma loc=L1 community=prisma/schema.prisma]
NODE SupabasePlatform [src=server/supabase-platform.ts loc=L28 community=SupabasePlatform]
NODE ref_node_fs [src= loc= community=index.ts]
NODE ref_node_path [src= loc= community=ref_node_path]
NODE verification.ts [src=server/verification.ts loc=L1 community=rooms.ts]
NODE project-routes.ts [src=server/project-routes.ts loc=L1 community=registerProjectRoutes]
NODE fail() [src=server/supabase-platform.ts loc=L23 community=SupabasePlatform]
NODE project-auth.test.ts [src=tests/project-auth.test.ts loc=L1 community=index.ts]
NODE cocreate.test.ts [src=tests/cocreate.test.ts loc=L1 community=cocreate.test.ts]
NODE ref_node_child_process [src= loc= community=ref_node_path]
NODE 2guys1canvas API reference [src=docs/harness/archive/2026-10-01-pre-consolidation/api.md loc=L3 community=api.md]
NODE users [src=prisma/schema.prisma loc=L488 community=prisma/schema.prisma]
NODE verifyCandidate() [src=server/verification.ts loc=L34 community=rooms.ts]
NODE .requireSharePermission() [src=server/supabase-platform.ts loc=L68 community=SupabasePlatform]
NODE oauth_clients [src=prisma/schema.prisma loc=L244 community=prisma/schema.prisma]
NODE .requireMembership() [src=server/supabase-platform.ts loc=L62 community=SupabasePlatform]
NODE invitationEmailSenderFromEnv() [src=server/invitation-email.ts loc=L33 community=invitation-email.ts]
NODE .updateMember() [src=server/supabase-platform.ts loc=L251 community=SupabasePlatform]
NODE .managedFunding() [src=server/supabase-platform.ts loc=L74 community=SupabasePlatform]
NODE Supabase identity and persistence boundary (2026-09-24) [src=docs/harness/archive/2026-10-01-pre-consolidation/architecture.md loc=L202 community=Harness architecture]
NODE code_challenge_method [src=prisma/schema.prisma loc=L800 community=prisma/schema.prisma]
NODE InvitationEmailSender [src=server/invitation-email.ts loc=L17 community=registerProjectRoutes]
NODE oauth_authorization_status [src=prisma/schema.prisma loc=L823 community=prisma/schema.prisma]
NODE oauth_response_type [src=prisma/schema.prisma loc=L846 community=prisma/schema.prisma]
NODE connected() [src=scripts/verify-harness-integration.ts loc=L112 community=api.md]
NODE html() [src=server/invitation-email.ts loc=L22 community=invitation-email.ts]
NODE validSender() [src=server/invitation-email.ts loc=L26 community=invitation-email.ts]
NODE InvitationDelivery [src=server/invitation-email.ts loc=L11 community=invitation-email.ts]
NODE InvitationEmail [src=server/invitation-email.ts loc=L1 community=invitation-email.ts]
NODE plain() [src=server/invitation-email.ts loc=L25 community=invitation-email.ts]
NODE browser [src=tests/preview-smoke.mjs loc=L2 community=ref_node_path]
NODE profile [src=tests/preview-smoke.mjs loc=L2 community=ref_node_path]
NODE roomId [src=tests/preview-smoke.mjs loc=L2 community=ref_node_path]
NODE rooms.ts [src=server/rooms.ts loc=L1 community=rooms.ts]
NODE types.ts [src=shared/types.ts loc=L1 community=types.ts]
NODE RoomManager [src=server/rooms.ts loc=L164 community=RoomManager]
NODE generator.ts [src=server/generator.ts loc=L1 community=generator.ts]
NODE verify-interpretation-topology.ts [src=scripts/verify-interpretation-topology.ts loc=L1 community=verify-interpretation-topology.ts]
NODE supabase-platform.ts [src=server/supabase-platform.ts loc=L1 community=supabase-platform.ts]
NODE api.md [src=docs/harness/archive/2026-10-01-pre-consolidation/api.md loc=L1 community=api.md]
NODE ref_node_assert_strict [src= loc= community=ref_node_assert_strict]
NODE artifacts.ts [src=server/artifacts.ts loc=L1 community=artifacts.ts]
NODE verify-harness-integration.ts [src=scripts/verify-harness-integration.ts loc=L1 community=verify-harness-integration.ts]
NODE reliability.test.ts [src=tests/reliability.test.ts loc=L1 community=verify-harness-integration.ts]
NODE event-store.ts [src=server/event-store.ts loc=L1 community=event-store.ts]
NODE project.ts [src=server/project.ts loc=L1 community=project.ts]
NODE ref_node_test [src= loc= community=index.ts]
NODE codebase-audit.ts [src=scripts/codebase-audit.ts loc=L1 community=codebase-audit.ts]
NODE isolation.ts [src=server/isolation.ts loc=L1 community=isolation.ts]
... (truncated — 168 more nodes cut by ~1800-token budget. Narrow with context_filter=['call'] or use get_node for a specific symbol)
