TAP version 13
# (node:23800) ExperimentalWarning: SQLite is an experimental feature and might change at any time
# (Use `node --trace-warnings ...` to show where the warning was created)
# Subtest: anonymous registration commits before success, retries dedupe, and restart preserves consent and limits
ok 1 - anonymous registration commits before success, retries dedupe, and restart preserves consent and limits
  ---
  duration_ms: 450.704
  type: 'test'
  ...
# Subtest: failed durable writes cannot show registration success; rate window expiry allows safe retry
ok 2 - failed durable writes cannot show registration success; rate window expiry allows safe retry
  ---
  duration_ms: 50.7324
  type: 'test'
  ...
# Subtest: registration requires valid email and explicit consent, and forwarded rate identities require Worker proof
ok 3 - registration requires valid email and explicit consent, and forwarded rate identities require Worker proof
  ---
  duration_ms: 0.8437
  type: 'test'
  ...
# Subtest: approval is fresh private authority, owner retains access, and approval grants no foreign membership
ok 4 - approval is fresh private authority, owner retains access, and approval grants no foreign membership
  ---
  duration_ms: 5.4571
  type: 'test'
  ...
# Subtest: pending invitation acceptance leaves the invite untouched and returns to the existing contract after approval
ok 5 - pending invitation acceptance leaves the invite untouched and returns to the existing contract after approval
  ---
  duration_ms: 0.899
  type: 'test'
  ...
# {"event":"collaboration.upgrade_rejected","category":"forbidden","correlationId":"4e2b3085-0e10-4eb7-bfee-5e28f7677593"}
# {"event":"collaboration.connected","connectionId":"ee5dd504-6fa4-4c5c-a997-dbbb931d1efb","correlationId":"8d8ec23a-6135-4c69-b658-f7d24b210680"}
# {"event":"collaboration.disconnected","connectionId":"ee5dd504-6fa4-4c5c-a997-dbbb931d1efb","code":4403}
# {"event":"collaboration.connected","connectionId":"6d795451-48f4-477a-a0e1-30f6b474efe0","correlationId":"b4681be9-080d-4c76-b84b-63b0729ae72d"}
# {"event":"collaboration.disconnected","connectionId":"6d795451-48f4-477a-a0e1-30f6b474efe0","code":4403}
# Subtest: unapproved accounts cannot read APIs, previews, downloads, socket upgrades/messages or later delivery
ok 6 - unapproved accounts cannot read APIs, previews, downloads, socket upgrades/messages or later delivery
  ---
  duration_ms: 203.5841
  type: 'test'
  ...
# (node:17948) ExperimentalWarning: SQLite is an experimental feature and might change at any time
# (Use `node --trace-warnings ...` to show where the warning was created)
# Subtest: the pre-launch deployment binds hosted auth and callbacks to the custom domain
ok 7 - the pre-launch deployment binds hosted auth and callbacks to the custom domain
  ---
  duration_ms: 2.141
  type: 'test'
  ...
# Subtest: legacy links preserve their destination without allowing host escape or protected ingress
ok 8 - legacy links preserve their destination without allowing host escape or protected ingress
  ---
  duration_ms: 4.1419
  type: 'test'
  ...
# Subtest: www redirects exact paths and queries to canonical HTTPS without proxying an alternate application
ok 9 - www redirects exact paths and queries to canonical HTTPS without proxying an alternate application
  ---
  duration_ms: 1.0555
  type: 'test'
  ...
# Subtest: the application exposes a container readiness endpoint
ok 10 - the application exposes a container readiness endpoint
  ---
  duration_ms: 61.5745
  type: 'test'
  ...
# Subtest: unknown API paths return JSON errors while the existing auth callback reaches the SPA
ok 11 - unknown API paths return JSON errors while the existing auth callback reaches the SPA
  ---
  duration_ms: 96.6236
  type: 'test'
  ...
# Subtest: the Cloudflare container uses the native WebSocket-aware proxy
ok 12 - the Cloudflare container uses the native WebSocket-aware proxy
  ---
  duration_ms: 0.8952
  type: 'test'
  ...
# Subtest: direct application startup refuses unavailable isolation before binding a server
ok 13 - direct application startup refuses unavailable isolation before binding a server
  ---
  duration_ms: 1683.6691
  type: 'test'
  ...
1..13
# tests 13
# suites 0
# pass 13
# fail 0
# cancelled 0
# skipped 0
# todo 0
# duration_ms 12703.72
