TAP version 13
# (node:23592) ExperimentalWarning: SQLite is an experimental feature and might change at any time
# (Use `node --trace-warnings ...` to show where the warning was created)
# Subtest: new promotion after a retained-product rollback never overwrites an archived version identity
not ok 1 - new promotion after a retained-product rollback never overwrites an archived version identity
  ---
  duration_ms: 9585.9513
  type: 'test'
  location: 'C:\\Users\\QUTA4\\OneDrive\\Desktop\\Devoffice\\tests\\artifact-restoration.test.ts:348:1'
  failureType: 'testCodeFailure'
  error: 'Controlled publication gate was not reached'
  code: 'ERR_TEST_FAILURE'
  stack: |-
    Timeout.<anonymous> (C:\Users\QUTA4\OneDrive\Desktop\Devoffice\tests\artifact-restoration.test.ts:236:102)
    listOnTimeout (node:internal/timers:585:17)
    process.processTimers (node:internal/timers:521:7)
  ...
1..1
# tests 1
# suites 0
# pass 0
# fail 1
# cancelled 0
# skipped 0
# todo 0
# duration_ms 11760.651
