TAP version 13
# (node:7784) ExperimentalWarning: SQLite is an experimental feature and might change at any time
# (Use `node --trace-warnings ...` to show where the warning was created)
# {"phase":"controlled-first-build","personalCalls":1,"builderCalls":1,"status":"Building","intents":[{"id":"intent_1f99477969e9","text":"Build a calm shared workspace","category":"goal","classification":"explicit_request","rationale":"Direct build instruction.","sourcePassage":"Build a calm shared workspace","affectedRequirementIds":[],"participantId":"alice","participantName":"Alice","sourceRevision":29,"sourceEditSeqs":[1,2,3,4,5,6,7,8,9,10,11,12,13,14,15,16,17,18,19,20,21,22,23,24,25,26,27,28,29],"authority":"authenticated_submission","contextReferences":[],"validation":{"status":"verified"}}]}
# Subtest: submitted builds ignore typing alone, preserve idempotency, and expose token usage
not ok 1 - submitted builds ignore typing alone, preserve idempotency, and expose token usage
  ---
  duration_ms: 6151.2413
  type: 'test'
  location: 'C:\\Users\\QUTA4\\OneDrive\\Desktop\\Devoffice\\tests\\auto-build-budget.test.ts:22:1'
  failureType: 'testCodeFailure'
  error: 'Timed out waiting for submitted build state'
  code: 'ERR_TEST_FAILURE'
  stack: |-
    waitFor (C:\Users\QUTA4\OneDrive\Desktop\Devoffice\tests\auto-build-budget.test.ts:14:9)
    async TestContext.<anonymous> (C:\Users\QUTA4\OneDrive\Desktop\Devoffice\tests\auto-build-budget.test.ts:129:5)
    async Test.run (node:internal/test_runner/test:1054:7)
    async startSubtestAfterBootstrap (node:internal/test_runner/harness:296:3)
  ...
# (node:1948) ExperimentalWarning: SQLite is an experimental feature and might change at any time
# (Use `node --trace-warnings ...` to show where the warning was created)
# Subtest: later captured submissions cannot starve a fixed accepted candidate and drain in capture order
ok 2 - later captured submissions cannot starve a fixed accepted candidate and drain in capture order
  ---
  duration_ms: 11637.6319
  type: 'test'
  ...
# Subtest: collection deadline closes admission despite an interpretation backlog
ok 3 - collection deadline closes admission despite an interpretation backlog
  ---
  duration_ms: 5373.9706
  type: 'test'
  ...
# Subtest: pending captured steering survives actual local restart without inference or replay spending
ok 4 - pending captured steering survives actual local restart without inference or replay spending
  ---
  duration_ms: 693.1753
  type: 'test'
  ...
# Subtest: explicit correction bypasses deferred submissions, cancels assumptions and retains executor allowance
ok 5 - explicit correction bypasses deferred submissions, cancels assumptions and retains executor allowance
  ---
  duration_ms: 5372.5411
  type: 'test'
  ...
# Subtest: current membership is rechecked before deferred interpretation dispatch
ok 6 - current membership is rechecked before deferred interpretation dispatch
  ---
  duration_ms: 5173.1192
  type: 'test'
  ...
# Subtest: continuous captures do not replenish the executor ceiling between collected candidates
ok 7 - continuous captures do not replenish the executor ceiling between collected candidates
  ---
  duration_ms: 5136.9127
  type: 'test'
  ...
# Subtest: sustained captures make revision-labelled progress each cycle without a quiet global queue
ok 8 - sustained captures make revision-labelled progress each cycle without a quiet global queue
  ---
  duration_ms: 23094.3629
  type: 'test'
  ...
# Subtest: attribution-only deferred acceptance neither rebuilds nor leaves a stuck budget or queue
ok 9 - attribution-only deferred acceptance neither rebuilds nor leaves a stuck budget or queue
  ---
  duration_ms: 7184.554
  type: 'test'
  ...
# (node:13960) ExperimentalWarning: SQLite is an experimental feature and might change at any time
# (Use `node --trace-warnings ...` to show where the warning was created)
# Subtest: physical reservations retain uncertainty, settle once, and reject delayed intent or usage downgrade
ok 10 - physical reservations retain uncertainty, settle once, and reject delayed intent or usage downgrade
  ---
  duration_ms: 4.3982
  type: 'test'
  ...
# Subtest: ledger repairs a stale snapshot without replenishment and legacy interrupted scope fails closed
ok 11 - ledger repairs a stale snapshot without replenishment and legacy interrupted scope fails closed
  ---
  duration_ms: 0.9826
  type: 'test'
  ...
# Subtest: concurrent interpretation and builder admission stops at 24, setup is separate, SQLite restart retains attempts
ok 12 - concurrent interpretation and builder admission stops at 24, setup is separate, SQLite restart retains attempts
  ---
  duration_ms: 2468.4301
  type: 'test'
  ...
# Subtest: owner reset is idle, fenced and durable; replay/collision cannot reset again or dispatch inference
ok 13 - owner reset is idle, fenced and durable; replay/collision cannot reset again or dispatch inference
  ---
  duration_ms: 391.4464
  type: 'test'
  ...
# Subtest: remote reservation acknowledgement precedes HTTP; uncertain save fences further calls
ok 14 - remote reservation acknowledgement precedes HTTP; uncertain save fences further calls
  ---
  duration_ms: 218.4667
  type: 'test'
  ...
1..14
# tests 14
# suites 0
# pass 13
# fail 1
# cancelled 0
# skipped 0
# todo 0
# duration_ms 76166.6276
