TAP version 13
# (node:18208) ExperimentalWarning: SQLite is an experimental feature and might change at any time
# (Use `node --trace-warnings ...` to show where the warning was created)
# Subtest: submitted builds ignore typing alone, preserve idempotency, and expose token usage
ok 1 - submitted builds ignore typing alone, preserve idempotency, and expose token usage
  ---
  duration_ms: 7553.6503
  type: 'test'
  ...
# (node:19640) ExperimentalWarning: SQLite is an experimental feature and might change at any time
# (Use `node --trace-warnings ...` to show where the warning was created)
# Subtest: physical reservations retain uncertainty, settle once, and reject delayed intent or usage downgrade
ok 2 - physical reservations retain uncertainty, settle once, and reject delayed intent or usage downgrade
  ---
  duration_ms: 3.967
  type: 'test'
  ...
# Subtest: ledger repairs a stale snapshot without replenishment and legacy interrupted scope fails closed
ok 3 - ledger repairs a stale snapshot without replenishment and legacy interrupted scope fails closed
  ---
  duration_ms: 1.028
  type: 'test'
  ...
# Subtest: concurrent interpretation and builder admission stops at 24, setup is separate, SQLite restart retains attempts
ok 4 - concurrent interpretation and builder admission stops at 24, setup is separate, SQLite restart retains attempts
  ---
  duration_ms: 1349.226
  type: 'test'
  ...
# Subtest: owner reset is idle, fenced and durable; replay/collision cannot reset again or dispatch inference
ok 5 - owner reset is idle, fenced and durable; replay/collision cannot reset again or dispatch inference
  ---
  duration_ms: 197.5885
  type: 'test'
  ...
# Subtest: remote reservation acknowledgement precedes HTTP; uncertain save fences further calls
ok 6 - remote reservation acknowledgement precedes HTTP; uncertain save fences further calls
  ---
  duration_ms: 137.9299
  type: 'test'
  ...
1..6
# tests 6
# suites 0
# pass 6
# fail 0
# cancelled 0
# skipped 0
# todo 0
# duration_ms 8608.6493
