TAP version 13
# (node:7072) ExperimentalWarning: SQLite is an experimental feature and might change at any time
# (Use `node --trace-warnings ...` to show where the warning was created)
# Subtest: an interrupted canonical promotion stays hidden; concurrent saves retain edits and the prior artifact
not ok 1 - an interrupted canonical promotion stays hidden; concurrent saves retain edits and the prior artifact
  ---
  duration_ms: 8568.5121
  type: 'test'
  location: 'C:\\Users\\QUTA4\\OneDrive\\Desktop\\Devoffice\\tests\\.step08-before-artifact.test.ts:241:1'
  failureType: 'testCodeFailure'
  error: 'Controlled publication gate was not reached'
  code: 'ERR_TEST_FAILURE'
  stack: |-
    Timeout.<anonymous> (C:\Users\QUTA4\OneDrive\Desktop\Devoffice\tests\.step08-before-artifact.test.ts:236:102)
    listOnTimeout (node:internal/timers:585:17)
    process.processTimers (node:internal/timers:521:7)
  ...
# Subtest: lease loss after private body upload cannot promote or start another physical attempt
ok 2 - lease loss after private body upload cannot promote or start another physical attempt
  ---
  duration_ms: 7750.5786
  type: 'test'
  ...
# Subtest: new promotion after a retained-product rollback never overwrites an archived version identity
ok 3 - new promotion after a retained-product rollback never overwrites an archived version identity
  ---
  duration_ms: 8095.4828
  type: 'test'
  ...
1..3
# tests 3
# suites 0
# pass 2
# fail 1
# cancelled 0
# skipped 0
# todo 0
# duration_ms 27673.0857
