(node:3952) ExperimentalWarning: SQLite is an experimental feature and might change at any time
(Use `node --trace-warnings ...` to show where the warning was created)
{"event":"collaboration.connected","connectionId":"96eb12af-7e08-4b10-a764-03c45af25432","correlationId":"632a2669-655d-45c3-8d5d-7d491922d47a"}
{"event":"collaboration.connected","connectionId":"036f4bb8-1529-4730-a593-188ced81955a","correlationId":"0fe12aa9-80a8-4c2a-b72e-35693cea6d22"}
{"event":"collaboration.connected","connectionId":"d76604c2-fe98-4823-a77b-99a22cc60148","correlationId":"3ff5c037-4c1f-4034-91f0-954bd299f25a"}
{"event":"collaboration.disconnected","connectionId":"d76604c2-fe98-4823-a77b-99a22cc60148","code":1005}
{"event":"collaboration.connected","connectionId":"398ba01a-7d31-436b-a8fb-3dd78e6070aa","correlationId":"d43b2c96-83f8-4949-b087-a96a52eae308"}
{"event":"collaboration.disconnected","connectionId":"398ba01a-7d31-436b-a8fb-3dd78e6070aa","code":1001}
{"event":"collaboration.connected","connectionId":"03a5383a-ec93-4bd3-88f7-b317755cf137","correlationId":"59eea97f-f06b-4622-8407-b12ddea32377"}
{"event":"collaboration.disconnected","connectionId":"03a5383a-ec93-4bd3-88f7-b317755cf137","code":1006}
{"event":"collaboration.disconnected","connectionId":"036f4bb8-1529-4730-a593-188ced81955a","code":1006}
{"event":"collaboration.disconnected","connectionId":"96eb12af-7e08-4b10-a764-03c45af25432","code":1006}
{"event":"collaboration.connected","connectionId":"427a0d2c-3045-46e6-a06e-d760e4c8322d","correlationId":"fcd84844-0bba-4eeb-a323-dd1166b76ae8"}
{"event":"collaboration.connected","connectionId":"4b4439ed-75e7-4e65-9736-7516aeecf710","correlationId":"b65020c5-8c34-44ca-b60a-483ed269fa8e"}
{"event":"collaboration.connected","connectionId":"e0db2b9b-9063-4d9e-b7d7-007ac72041f4","correlationId":"fcc6f4b9-4fad-447e-9798-3175421b80b0"}
{"event":"collaboration.disconnected","connectionId":"e0db2b9b-9063-4d9e-b7d7-007ac72041f4","code":1006}
{"event":"collaboration.disconnected","connectionId":"4b4439ed-75e7-4e65-9736-7516aeecf710","code":1006}
{"event":"collaboration.disconnected","connectionId":"427a0d2c-3045-46e6-a06e-d760e4c8322d","code":1006}
{"event":"collaboration.connected","connectionId":"37fee78c-651b-4d93-a761-e960b7ba3a40","correlationId":"5e1d6937-db21-4a29-8d31-71ba97ed1fd6"}
{"event":"collaboration.connected","connectionId":"62c5f3e9-6b24-497b-bd64-f1069243f114","correlationId":"5c27c3b7-84ee-4b89-b5d2-181bbaaf992f"}
{"event":"collaboration.connected","connectionId":"c0119982-c1cd-435f-862f-1935482d04a4","correlationId":"51a33ab0-4369-42f5-9c27-834f54926f91"}
{"scope":"Three independent signed local owner/editor/editor headless profiles, real SQLite and Windows isolated compiler/browser, loopback provider and SDK-backed controlled Storage/PostgREST. No hosted identity/SQL/RLS/live billing/deployment.","participants":3,"checkpoints":[{"phase":"concurrent","revision":2,"version":1,"physicalCalls":3},{"phase":"continuous-and-failed","buildingRevision":3,"revision":5,"version":2,"interpreterCalls":5,"builderCalls":3},{"phase":"corrected-reconnected","revision":6,"artifact":3,"usage":{"recorded":{"requests":9,"personalRequests":0,"builderRequests":0,"inputTokens":900,"outputTokens":450,"estimatedCostUsd":0,"uncertainCostUsd":0,"cachedInputTokens":0,"cacheWriteTokens":0,"reasoningTokens":0},"generation":{"requests":9,"personalRequests":0,"builderRequests":0,"inputTokens":900,"outputTokens":450,"estimatedCostUsd":0,"uncertainCostUsd":0,"cachedInputTokens":0,"cacheWriteTokens":0,"reasoningTokens":0},"setup":{"requests":0,"personalRequests":0,"builderRequests":0,"inputTokens":0,"outputTokens":0,"estimatedCostUsd":0,"uncertainCostUsd":0},"unknownUsageRequests":0,"recordedFrom":"2026-10-05T17:01:53.983Z","coverage":"partial"},"budget":{"id":"cab797d9-2ad2-4f00-8792-edac7fb34676","calls":6,"maximumCalls":24,"reservedUsd":0,"uncertainCalls":6,"closed":true},"accepted":["req_03a42be85bf7","req_15656091b08d","req_9000bc354acf","req_980895587501","req_d6b0094d5067"],"extraInference":0},{"phase":"sqlite-takeover","fromEpoch":1,"toEpoch":2,"clientsConverged":true,"staleRenewalDenied":true,"extraInference":0}],"candidates":[{"revision":2,"requirements":2},{"revision":3,"requirements":3},{"revision":5,"requirements":5},{"revision":6,"requirements":5}],"interpreterCalls":5,"builderCalls":4,"physicalCalls":9,"reportedTokens":1350,"concurrentCallerOnly":true,"deferredCapturesBehindFixedCandidate":true,"failedChecksRetainArtifact":true,"noAutomaticFunctionalRepair":true,"inferenceFreeCorrectionReplayReconnectReload":true,"foreignCorrectionDenied":true,"viewerSubmitDenied":true,"clientStateAndUsageConverged":true,"activeLocalCompetitorDenied":true,"cacheReplacement":{"oldEpoch":2,"scope":"Stopped coordinator, empty derived cache, new instance; competing stale epochs covered separately by focused tests","checkpoint":true,"archivedZip":true,"renderedPreview":true,"receiptReplay":true,"extraInference":0},"coveredChecksPassUnknownCriteriaUnverified":true,"responsiveWidths":[1440,390],"referenceComparison":"pending"}
{"event":"collaboration.disconnected","connectionId":"c0119982-c1cd-435f-862f-1935482d04a4","code":1001}
{"event":"collaboration.disconnected","connectionId":"37fee78c-651b-4d93-a761-e960b7ba3a40","code":1006}
{"event":"collaboration.disconnected","connectionId":"62c5f3e9-6b24-497b-bd64-f1069243f114","code":1006}
