Implementation commit: 65af1ecf188083e0779827271dd169e5a8ab3e89
GitHub Actions run: https://github.com/DD7780/Cocreate/actions/runs/38051238685
Job: 114210625321, completed successfully
2026-10-10T12:15:03.9274384Z Audited 158 files; 1 static candidates; 0 boundary violations.
2026-10-10T12:15:17.3159181Z # Native PostgreSQL: independent concurrent connections
2026-10-10T12:15:17.5255922Z # tests 2
2026-10-10T12:15:17.5260269Z # pass 2
2026-10-10T12:15:17.5260658Z # fail 0
2026-10-10T12:15:17.5261393Z # skipped 0
2026-10-10T12:15:17.5268106Z # duration_ms 562.1749
2026-10-10T12:16:39.7745533Z # tests 10
2026-10-10T12:16:39.7759706Z # pass 10
2026-10-10T12:16:39.7760074Z # fail 0
2026-10-10T12:16:39.7761126Z # skipped 0
2026-10-10T12:16:39.7761826Z # duration_ms 22445.032574
2026-10-10T12:17:21.1563691Z # tests 15
2026-10-10T12:17:21.1565046Z # pass 15
2026-10-10T12:17:21.1565423Z # fail 0
2026-10-10T12:17:21.1566196Z # skipped 0
2026-10-10T12:17:21.1568229Z # duration_ms 41161.194514
2026-10-10T12:21:04.7948728Z # tests 250
2026-10-10T12:21:04.7949625Z # pass 250
2026-10-10T12:21:04.7950017Z # fail 0
2026-10-10T12:21:04.7950739Z # skipped 0
2026-10-10T12:21:04.7959722Z # duration_ms 223396.938413
