TAP version 13
# Subtest: server-signed attribution cannot be changed by the client
ok 1 - server-signed attribution cannot be changed by the client
  ---
  duration_ms: 7.9305
  type: 'test'
  ...
# Subtest: independent concurrent Yjs edits merge without lost text
ok 2 - independent concurrent Yjs edits merge without lost text
  ---
  duration_ms: 11.8269
  type: 'test'
  ...
# Subtest: only the newest orchestration revision can be promoted
ok 3 - only the newest orchestration revision can be promoted
  ---
  duration_ms: 0.2121
  type: 'test'
  ...
# Subtest: generation errors retain the last success and block unsafe code
ok 4 - generation errors retain the last success and block unsafe code
  ---
  duration_ms: 1.3763
  type: 'test'
  ...
# Subtest: custom provider URLs require HTTPS except for local testing
ok 5 - custom provider URLs require HTTPS except for local testing
  ---
  duration_ms: 1.3516
  type: 'test'
  ...
# Subtest: provider model discovery returns exact account model IDs
ok 6 - provider model discovery returns exact account model IDs
  ---
  duration_ms: 76.0022
  type: 'test'
  ...
# Subtest: multi-file project compiles to an isolated React preview
ok 7 - multi-file project compiles to an isolated React preview
  ---
  duration_ms: 4586.2434
  type: 'test'
  ...
1..7
# tests 7
# suites 0
# pass 7
# fail 0
# cancelled 0
# skipped 0
# todo 0
# duration_ms 6074.9965
